Archive member included to satisfy reference by file (symbol)

D:/ST/STM32CubeIDE_1.16.0/STM32CubeIDE/plugins/com.st.stm32cube.ide.mcu.externaltools.gnu-tools-for-stm32.12.3.rel1.win32_1.0.200.202406191623/tools/bin/../lib/gcc/arm-none-eabi/12.3.1/../../../../arm-none-eabi/lib/thumb/v7e-m+fp/hard\libc_nano.a(libc_a-exit.o)
                              D:/ST/STM32CubeIDE_1.16.0/STM32CubeIDE/plugins/com.st.stm32cube.ide.mcu.externaltools.gnu-tools-for-stm32.12.3.rel1.win32_1.0.200.202406191623/tools/bin/../lib/gcc/arm-none-eabi/12.3.1/../../../../arm-none-eabi/lib/thumb/v7e-m+fp/hard/crt0.o (exit)
D:/ST/STM32CubeIDE_1.16.0/STM32CubeIDE/plugins/com.st.stm32cube.ide.mcu.externaltools.gnu-tools-for-stm32.12.3.rel1.win32_1.0.200.202406191623/tools/bin/../lib/gcc/arm-none-eabi/12.3.1/../../../../arm-none-eabi/lib/thumb/v7e-m+fp/hard\libc_nano.a(libc_a-malloc.o)
                              ./Middlewares/ST/STM32_USB_Host_Library/Class/CDC/Src/usbh_cdc.o (malloc)
D:/ST/STM32CubeIDE_1.16.0/STM32CubeIDE/plugins/com.st.stm32cube.ide.mcu.externaltools.gnu-tools-for-stm32.12.3.rel1.win32_1.0.200.202406191623/tools/bin/../lib/gcc/arm-none-eabi/12.3.1/../../../../arm-none-eabi/lib/thumb/v7e-m+fp/hard\libc_nano.a(libc_a-mallocr.o)
                              D:/ST/STM32CubeIDE_1.16.0/STM32CubeIDE/plugins/com.st.stm32cube.ide.mcu.externaltools.gnu-tools-for-stm32.12.3.rel1.win32_1.0.200.202406191623/tools/bin/../lib/gcc/arm-none-eabi/12.3.1/../../../../arm-none-eabi/lib/thumb/v7e-m+fp/hard\libc_nano.a(libc_a-malloc.o) (_malloc_r)
D:/ST/STM32CubeIDE_1.16.0/STM32CubeIDE/plugins/com.st.stm32cube.ide.mcu.externaltools.gnu-tools-for-stm32.12.3.rel1.win32_1.0.200.202406191623/tools/bin/../lib/gcc/arm-none-eabi/12.3.1/../../../../arm-none-eabi/lib/thumb/v7e-m+fp/hard\libc_nano.a(libc_a-mlock.o)
                              D:/ST/STM32CubeIDE_1.16.0/STM32CubeIDE/plugins/com.st.stm32cube.ide.mcu.externaltools.gnu-tools-for-stm32.12.3.rel1.win32_1.0.200.202406191623/tools/bin/../lib/gcc/arm-none-eabi/12.3.1/../../../../arm-none-eabi/lib/thumb/v7e-m+fp/hard\libc_nano.a(libc_a-mallocr.o) (__malloc_lock)
D:/ST/STM32CubeIDE_1.16.0/STM32CubeIDE/plugins/com.st.stm32cube.ide.mcu.externaltools.gnu-tools-for-stm32.12.3.rel1.win32_1.0.200.202406191623/tools/bin/../lib/gcc/arm-none-eabi/12.3.1/../../../../arm-none-eabi/lib/thumb/v7e-m+fp/hard\libc_nano.a(libc_a-findfp.o)
                              D:/ST/STM32CubeIDE_1.16.0/STM32CubeIDE/plugins/com.st.stm32cube.ide.mcu.externaltools.gnu-tools-for-stm32.12.3.rel1.win32_1.0.200.202406191623/tools/bin/../lib/gcc/arm-none-eabi/12.3.1/../../../../arm-none-eabi/lib/thumb/v7e-m+fp/hard\libc_nano.a(libc_a-exit.o) (__stdio_exit_handler)
D:/ST/STM32CubeIDE_1.16.0/STM32CubeIDE/plugins/com.st.stm32cube.ide.mcu.externaltools.gnu-tools-for-stm32.12.3.rel1.win32_1.0.200.202406191623/tools/bin/../lib/gcc/arm-none-eabi/12.3.1/../../../../arm-none-eabi/lib/thumb/v7e-m+fp/hard\libc_nano.a(libc_a-fwalk.o)
                              D:/ST/STM32CubeIDE_1.16.0/STM32CubeIDE/plugins/com.st.stm32cube.ide.mcu.externaltools.gnu-tools-for-stm32.12.3.rel1.win32_1.0.200.202406191623/tools/bin/../lib/gcc/arm-none-eabi/12.3.1/../../../../arm-none-eabi/lib/thumb/v7e-m+fp/hard\libc_nano.a(libc_a-findfp.o) (_fwalk_sglue)
D:/ST/STM32CubeIDE_1.16.0/STM32CubeIDE/plugins/com.st.stm32cube.ide.mcu.externaltools.gnu-tools-for-stm32.12.3.rel1.win32_1.0.200.202406191623/tools/bin/../lib/gcc/arm-none-eabi/12.3.1/../../../../arm-none-eabi/lib/thumb/v7e-m+fp/hard\libc_nano.a(libc_a-stdio.o)
                              D:/ST/STM32CubeIDE_1.16.0/STM32CubeIDE/plugins/com.st.stm32cube.ide.mcu.externaltools.gnu-tools-for-stm32.12.3.rel1.win32_1.0.200.202406191623/tools/bin/../lib/gcc/arm-none-eabi/12.3.1/../../../../arm-none-eabi/lib/thumb/v7e-m+fp/hard\libc_nano.a(libc_a-findfp.o) (__sread)
D:/ST/STM32CubeIDE_1.16.0/STM32CubeIDE/plugins/com.st.stm32cube.ide.mcu.externaltools.gnu-tools-for-stm32.12.3.rel1.win32_1.0.200.202406191623/tools/bin/../lib/gcc/arm-none-eabi/12.3.1/../../../../arm-none-eabi/lib/thumb/v7e-m+fp/hard\libc_nano.a(libc_a-memset.o)
                              D:/ST/STM32CubeIDE_1.16.0/STM32CubeIDE/plugins/com.st.stm32cube.ide.mcu.externaltools.gnu-tools-for-stm32.12.3.rel1.win32_1.0.200.202406191623/tools/bin/../lib/gcc/arm-none-eabi/12.3.1/../../../../arm-none-eabi/lib/thumb/v7e-m+fp/hard/crt0.o (memset)
D:/ST/STM32CubeIDE_1.16.0/STM32CubeIDE/plugins/com.st.stm32cube.ide.mcu.externaltools.gnu-tools-for-stm32.12.3.rel1.win32_1.0.200.202406191623/tools/bin/../lib/gcc/arm-none-eabi/12.3.1/../../../../arm-none-eabi/lib/thumb/v7e-m+fp/hard\libc_nano.a(libc_a-closer.o)
                              D:/ST/STM32CubeIDE_1.16.0/STM32CubeIDE/plugins/com.st.stm32cube.ide.mcu.externaltools.gnu-tools-for-stm32.12.3.rel1.win32_1.0.200.202406191623/tools/bin/../lib/gcc/arm-none-eabi/12.3.1/../../../../arm-none-eabi/lib/thumb/v7e-m+fp/hard\libc_nano.a(libc_a-stdio.o) (_close_r)
[...]
Memory Configuration

Name             Origin             Length             Attributes
CCMRAM           0x10000000         0x00010000         xrw
RAM              0x20000000         0x00020000         xrw
FLASH            0x08000000         0x00100000         xr
*default*        0x00000000         0xffffffff

Linker script and memory map

LOAD D:/ST/STM32CubeIDE_1.16.0/STM32CubeIDE/plugins/com.st.stm32cube.ide.mcu.externaltools.gnu-tools-for-stm32.12.3.rel1.win32_1.0.200.202406191623/tools/bin/../lib/gcc/arm-none-eabi/12.3.1/thumb/v7e-m+fp/hard/crti.o
LOAD D:/ST/STM32CubeIDE_1.16.0/STM32CubeIDE/plugins/com.st.stm32cube.ide.mcu.externaltools.gnu-tools-for-stm32.12.3.rel1.win32_1.0.200.202406191623/tools/bin/../lib/gcc/arm-none-eabi/12.3.1/thumb/v7e-m+fp/hard/crtbegin.o
LOAD D:/ST/STM32CubeIDE_1.16.0/STM32CubeIDE/plugins/com.st.stm32cube.ide.mcu.externaltools.gnu-tools-for-stm32.12.3.rel1.win32_1.0.200.202406191623/tools/bin/../lib/gcc/arm-none-eabi/12.3.1/../../../../arm-none-eabi/lib/thumb/v7e-m+fp/hard/crt0.o
LOAD ./Core/Src/main.o
LOAD ./Core/Src/stm32f4xx_hal_msp.o
LOAD ./Core/Src/stm32f4xx_it.o
LOAD ./Core/Src/syscalls.o
LOAD ./Core/Src/sysmem.o
LOAD ./Core/Src/system_stm32f4xx.o
LOAD ./Core/Startup/startup_stm32f407vgtx.o
LOAD ./Drivers/STM32F4xx_HAL_Driver/Src/stm32f4xx_hal.o
LOAD ./Drivers/STM32F4xx_HAL_Driver/Src/stm32f4xx_hal_cortex.o
LOAD ./Drivers/STM32F4xx_HAL_Driver/Src/stm32f4xx_hal_dma.o
LOAD ./Drivers/STM32F4xx_HAL_Driver/Src/stm32f4xx_hal_dma_ex.o
LOAD ./Drivers/STM32F4xx_HAL_Driver/Src/stm32f4xx_hal_exti.o
LOAD ./Drivers/STM32F4xx_HAL_Driver/Src/stm32f4xx_hal_flash.o
LOAD ./Drivers/STM32F4xx_HAL_Driver/Src/stm32f4xx_hal_flash_ex.o
LOAD ./Drivers/STM32F4xx_HAL_Driver/Src/stm32f4xx_hal_flash_ramfunc.o
LOAD ./Drivers/STM32F4xx_HAL_Driver/Src/stm32f4xx_hal_gpio.o
LOAD ./Drivers/STM32F4xx_HAL_Driver/Src/stm32f4xx_hal_hcd.o
LOAD ./Drivers/STM32F4xx_HAL_Driver/Src/stm32f4xx_hal_i2c.o
LOAD ./Drivers/STM32F4xx_HAL_Driver/Src/stm32f4xx_hal_i2c_ex.o
LOAD ./Drivers/STM32F4xx_HAL_Driver/Src/stm32f4xx_hal_i2s.o
LOAD ./Drivers/STM32F4xx_HAL_Driver/Src/stm32f4xx_hal_i2s_ex.o
LOAD ./Drivers/STM32F4xx_HAL_Driver/Src/stm32f4xx_hal_pwr.o
LOAD ./Drivers/STM32F4xx_HAL_Driver/Src/stm32f4xx_hal_pwr_ex.o
LOAD ./Drivers/STM32F4xx_HAL_Driver/Src/stm32f4xx_hal_rcc.o
LOAD ./Drivers/STM32F4xx_HAL_Driver/Src/stm32f4xx_hal_rcc_ex.o
LOAD ./Drivers/STM32F4xx_HAL_Driver/Src/stm32f4xx_hal_spi.o
LOAD ./Drivers/STM32F4xx_HAL_Driver/Src/stm32f4xx_hal_tim.o
LOAD ./Drivers/STM32F4xx_HAL_Driver/Src/stm32f4xx_hal_tim_ex.o
LOAD ./Drivers/STM32F4xx_HAL_Driver/Src/stm32f4xx_ll_usb.o
LOAD ./Middlewares/ST/STM32_USB_Host_Library/Class/CDC/Src/usbh_cdc.o
LOAD ./Middlewares/ST/STM32_USB_Host_Library/Core/Src/usbh_core.o
LOAD ./Middlewares/ST/STM32_USB_Host_Library/Core/Src/usbh_ctlreq.o
LOAD ./Middlewares/ST/STM32_USB_Host_Library/Core/Src/usbh_ioreq.o
LOAD ./Middlewares/ST/STM32_USB_Host_Library/Core/Src/usbh_pipes.o
LOAD ./USB_HOST/App/usb_host.o
LOAD ./USB_HOST/Target/usbh_conf.o
LOAD ./USB_HOST/Target/usbh_platform.o
START GROUP
LOAD D:/ST/STM32CubeIDE_1.16.0/STM32CubeIDE/plugins/com.st.stm32cube.ide.mcu.externaltools.gnu-tools-for-stm32.12.3.rel1.win32_1.0.200.202406191623/tools/bin/../lib/gcc/arm-none-eabi/12.3.1/../../../../arm-none-eabi/lib/thumb/v7e-m+fp/hard\libc_nano.a
LOAD D:/ST/STM32CubeIDE_1.16.0/STM32CubeIDE/plugins/com.st.stm32cube.ide.mcu.externaltools.gnu-tools-for-stm32.12.3.rel1.win32_1.0.200.202406191623/tools/bin/../lib/gcc/arm-none-eabi/12.3.1/../../../../arm-none-eabi/lib/thumb/v7e-m+fp/hard\libm.a
END GROUP
START GROUP
LOAD D:/ST/STM32CubeIDE_1.16.0/STM32CubeIDE/plugins/com.st.stm32cube.ide.mcu.externaltools.gnu-tools-for-stm32.12.3.rel1.win32_1.0.200.202406191623/tools/bin/../lib/gcc/arm-none-eabi/12.3.1/thumb/v7e-m+fp/hard\libgcc.a
LOAD D:/ST/STM32CubeIDE_1.16.0/STM32CubeIDE/plugins/com.st.stm32cube.ide.mcu.externaltools.gnu-tools-for-stm32.12.3.rel1.win32_1.0.200.202406191623/tools/bin/../lib/gcc/arm-none-eabi/12.3.1/../../../../arm-none-eabi/lib/thumb/v7e-m+fp/hard\libc_nano.a
END GROUP
START GROUP
LOAD D:/ST/STM32CubeIDE_1.16.0/STM32CubeIDE/plugins/com.st.stm32cube.ide.mcu.externaltools.gnu-tools-for-stm32.12.3.rel1.win32_1.0.200.202406191623/tools/bin/../lib/gcc/arm-none-eabi/12.3.1/thumb/v7e-m+fp/hard\libgcc.a
LOAD D:/ST/STM32CubeIDE_1.16.0/STM32CubeIDE/plugins/com.st.stm32cube.ide.mcu.externaltools.gnu-tools-for-stm32.12.3.rel1.win32_1.0.200.202406191623/tools/bin/../lib/gcc/arm-none-eabi/12.3.1/../../../../arm-none-eabi/lib/thumb/v7e-m+fp/hard\libc_nano.a
LOAD D:/ST/STM32CubeIDE_1.16.0/STM32CubeIDE/plugins/com.st.stm32cube.ide.mcu.externaltools.gnu-tools-for-stm32.12.3.rel1.win32_1.0.200.202406191623/tools/bin/../lib/gcc/arm-none-eabi/12.3.1/../../../../arm-none-eabi/lib/thumb/v7e-m+fp/hard\libnosys.a
END GROUP
START GROUP
LOAD D:/ST/STM32CubeIDE_1.16.0/STM32CubeIDE/plugins/com.st.stm32cube.ide.mcu.externaltools.gnu-tools-for-stm32.12.3.rel1.win32_1.0.200.202406191623/tools/bin/../lib/gcc/arm-none-eabi/12.3.1/thumb/v7e-m+fp/hard\libgcc.a
LOAD D:/ST/STM32CubeIDE_1.16.0/STM32CubeIDE/plugins/com.st.stm32cube.ide.mcu.externaltools.gnu-tools-for-stm32.12.3.rel1.win32_1.0.200.202406191623/tools/bin/../lib/gcc/arm-none-eabi/12.3.1/../../../../arm-none-eabi/lib/thumb/v7e-m+fp/hard\libc_nano.a
LOAD D:/ST/STM32CubeIDE_1.16.0/STM32CubeIDE/plugins/com.st.stm32cube.ide.mcu.externaltools.gnu-tools-for-stm32.12.3.rel1.win32_1.0.200.202406191623/tools/bin/../lib/gcc/arm-none-eabi/12.3.1/../../../../arm-none-eabi/lib/thumb/v7e-m+fp/hard\libnosys.a
END GROUP
LOAD D:/ST/STM32CubeIDE_1.16.0/STM32CubeIDE/plugins/com.st.stm32cube.ide.mcu.externaltools.gnu-tools-for-stm32.12.3.rel1.win32_1.0.200.202406191623/tools/bin/../lib/gcc/arm-none-eabi/12.3.1/thumb/v7e-m+fp/hard/crtend.o
LOAD D:/ST/STM32CubeIDE_1.16.0/STM32CubeIDE/plugins/com.st.stm32cube.ide.mcu.externaltools.gnu-tools-for-stm32.12.3.rel1.win32_1.0.200.202406191623/tools/bin/../lib/gcc/arm-none-eabi/12.3.1/thumb/v7e-m+fp/hard/crtn.o
                0x20020000                        _estack = (ORIGIN (RAM) + LENGTH (RAM))
                0x00000200                        _Min_Heap_Size = 0x200
                0x00000400                        _Min_Stack_Size = 0x400

.isr_vector     0x08000000      0x188
                0x08000000                        . = ALIGN (0x4)
 *(.isr_vector)
 .isr_vector    0x08000000      0x188 ./Core/Startup/startup_stm32f407vgtx.o
                0x08000000                g_pfnVectors
                0x08000188                        . = ALIGN (0x4)

.text           0x08000188     0x8a70
                0x08000188                        . = ALIGN (0x4)
 *(.text)
 .text          0x08000188       0x40 D:/ST/STM32CubeIDE_1.16.0/STM32CubeIDE/plugins/com.st.stm32cube.ide.mcu.externaltools.gnu-tools-for-stm32.12.3.rel1.win32_1.0.200.202406191623/tools/bin/../lib/gcc/arm-none-eabi/12.3.1/thumb/v7e-m+fp/hard/crtbegin.o
 .text          0x080001c8       0x30 D:/ST/STM32CubeIDE_1.16.0/STM32CubeIDE/plugins/com.st.stm32cube.ide.mcu.externaltools.gnu-tools-for-stm32.12.3.rel1.win32_1.0.200.202406191623/tools/bin/../lib/gcc/arm-none-eabi/12.3.1/thumb/v7e-m+fp/hard\libgcc.a(_aeabi_uldivmod.o)
                0x080001c8                __aeabi_uldivmod
 .text          0x080001f8      0x2bc D:/ST/STM32CubeIDE_1.16.0/STM32CubeIDE/plugins/com.st.stm32cube.ide.mcu.externaltools.gnu-tools-for-stm32.12.3.rel1.win32_1.0.200.202406191623/tools/bin/../lib/gcc/arm-none-eabi/12.3.1/thumb/v7e-m+fp/hard\libgcc.a(_udivmoddi4.o)
                0x080001f8                __udivmoddi4
 .text          0x080004b4        0x4 D:/ST/STM32CubeIDE_1.16.0/STM32CubeIDE/plugins/com.st.stm32cube.ide.mcu.externaltools.gnu-tools-for-stm32.12.3.rel1.win32_1.0.200.202406191623/tools/bin/../lib/gcc/arm-none-eabi/12.3.1/thumb/v7e-m+fp/hard\libgcc.a(_dvmd_tls.o)
                0x080004b4                __aeabi_idiv0
                0x080004b4                __aeabi_ldiv0
 *(.text*)
 .text.main     0x080004b8      0x154 ./Core/Src/main.o
                0x080004b8                main
 .text.SystemClock_Config
                0x0800060c       0xd4 ./Core/Src/main.o
                0x0800060c                SystemClock_Config
 .text.MX_I2C1_Init
                0x080006e0       0x5c ./Core/Src/main.o
 .text.MX_I2S3_Init
                0x0800073c       0x60 ./Core/Src/main.o
 .text.MX_SPI1_Init
                0x0800079c       0x6c ./Core/Src/main.o
 .text.MX_GPIO_Init
                0x08000808      0x1f8 ./Core/Src/main.o
 .text.Error_Handler
                0x08000a00        0xc ./Core/Src/main.o
                0x08000a00                Error_Handler
 .text.HAL_MspInit
                0x08000a0c       0x50 ./Core/Src/stm32f4xx_hal_msp.o
                0x08000a0c                HAL_MspInit
 .text.HAL_I2C_MspInit
                0x08000a5c       0x90 ./Core/Src/stm32f4xx_hal_msp.o
                0x08000a5c                HAL_I2C_MspInit
 .text.HAL_I2S_MspInit
                0x08000aec      0x100 ./Core/Src/stm32f4xx_hal_msp.o
                0x08000aec                HAL_I2S_MspInit
 .text.HAL_SPI_MspInit
                0x08000bec       0x90 ./Core/Src/stm32f4xx_hal_msp.o
                0x08000bec                HAL_SPI_MspInit
 .text.NMI_Handler
                0x08000c7c        0x8 ./Core/Src/stm32f4xx_it.o
                0x08000c7c                NMI_Handler
 .text.HardFault_Handler
                0x08000c84        0x8 ./Core/Src/stm32f4xx_it.o
                0x08000c84                HardFault_Handler
 .text.MemManage_Handler
                0x08000c8c        0x8 ./Core/Src/stm32f4xx_it.o
                0x08000c8c                MemManage_Handler
 .text.BusFault_Handler
                0x08000c94        0x8 ./Core/Src/stm32f4xx_it.o
                0x08000c94                BusFault_Handler
 .text.UsageFault_Handler
                0x08000c9c        0x8 ./Core/Src/stm32f4xx_it.o
                0x08000c9c                UsageFault_Handler
 .text.SVC_Handler
                0x08000ca4        0xe ./Core/Src/stm32f4xx_it.o
                0x08000ca4                SVC_Handler
 .text.DebugMon_Handler
                0x08000cb2        0xe ./Core/Src/stm32f4xx_it.o
                0x08000cb2                DebugMon_Handler
 .text.PendSV_Handler
                0x08000cc0        0xe ./Core/Src/stm32f4xx_it.o
                0x08000cc0                PendSV_Handler
 .text.SysTick_Handler
                0x08000cce        0xc ./Core/Src/stm32f4xx_it.o
                0x08000cce                SysTick_Handler
 *fill*         0x08000cda        0x2 
 .text.OTG_FS_IRQHandler
                0x08000cdc       0x14 ./Core/Src/stm32f4xx_it.o
                0x08000cdc                OTG_FS_IRQHandler
 .text._sbrk    0x08000cf0       0x6c ./Core/Src/sysmem.o
                0x08000cf0                _sbrk
 .text.SystemInit
                0x08000d5c       0x24 ./Core/Src/system_stm32f4xx.o
                0x08000d5c                SystemInit
 .text.Reset_Handler
                0x08000d80       0x50 ./Core/Startup/startup_stm32f407vgtx.o
                0x08000d80                Reset_Handler
 .text.Default_Handler
                0x08000dd0        0x2 ./Core/Startup/startup_stm32f407vgtx.o
                0x08000dd0                RTC_Alarm_IRQHandler
                0x08000dd0                HASH_RNG_IRQHandler
                0x08000dd0                EXTI2_IRQHandler
                0x08000dd0                TIM8_CC_IRQHandler
                0x08000dd0                TIM1_CC_IRQHandler
                0x08000dd0                DMA2_Stream5_IRQHandler
                0x08000dd0                DMA1_Stream5_IRQHandler
                0x08000dd0                PVD_IRQHandler
                0x08000dd0                SDIO_IRQHandler
                0x08000dd0                TAMP_STAMP_IRQHandler
                0x08000dd0                CAN2_RX1_IRQHandler
                0x08000dd0                EXTI3_IRQHandler
                0x08000dd0                TIM8_TRG_COM_TIM14_IRQHandler
                0x08000dd0                TIM1_UP_TIM10_IRQHandler
                0x08000dd0                TIM8_UP_TIM13_IRQHandler
                0x08000dd0                I2C3_ER_IRQHandler
                0x08000dd0                EXTI0_IRQHandler
                0x08000dd0                I2C2_EV_IRQHandler
                0x08000dd0                DMA1_Stream2_IRQHandler
                0x08000dd0                CAN1_RX0_IRQHandler
                0x08000dd0                FPU_IRQHandler
                0x08000dd0                OTG_HS_WKUP_IRQHandler
                0x08000dd0                CAN2_SCE_IRQHandler
                0x08000dd0                DMA2_Stream2_IRQHandler
                0x08000dd0                SPI1_IRQHandler
                0x08000dd0                TIM6_DAC_IRQHandler
                0x08000dd0                TIM1_BRK_TIM9_IRQHandler
                0x08000dd0                DCMI_IRQHandler
                0x08000dd0                CAN2_RX0_IRQHandler
                0x08000dd0                DMA2_Stream3_IRQHandler
                0x08000dd0                USART6_IRQHandler
                0x08000dd0                USART3_IRQHandler
                0x08000dd0                CAN1_RX1_IRQHandler
                0x08000dd0                UART5_IRQHandler
                0x08000dd0                DMA2_Stream0_IRQHandler
                0x08000dd0                TIM4_IRQHandler
                0x08000dd0                I2C1_EV_IRQHandler
                0x08000dd0                DMA1_Stream6_IRQHandler
                0x08000dd0                DMA1_Stream1_IRQHandler
                0x08000dd0                UART4_IRQHandler
                0x08000dd0                TIM3_IRQHandler
                0x08000dd0                RCC_IRQHandler
                0x08000dd0                TIM8_BRK_TIM12_IRQHandler
                0x08000dd0                Default_Handler
                0x08000dd0                EXTI15_10_IRQHandler
                0x08000dd0                ADC_IRQHandler
                0x08000dd0                DMA1_Stream7_IRQHandler
                0x08000dd0                TIM7_IRQHandler
                0x08000dd0                CAN2_TX_IRQHandler
                0x08000dd0                TIM5_IRQHandler
                0x08000dd0                DMA2_Stream7_IRQHandler
                0x08000dd0                I2C3_EV_IRQHandler
                0x08000dd0                EXTI9_5_IRQHandler
                0x08000dd0                RTC_WKUP_IRQHandler
                0x08000dd0                ETH_WKUP_IRQHandler
                0x08000dd0                SPI2_IRQHandler
                0x08000dd0                OTG_HS_EP1_IN_IRQHandler
                0x08000dd0                DMA1_Stream0_IRQHandler
                0x08000dd0                CAN1_TX_IRQHandler
                0x08000dd0                EXTI4_IRQHandler
                0x08000dd0                FSMC_IRQHandler
                0x08000dd0                ETH_IRQHandler
                0x08000dd0                OTG_HS_EP1_OUT_IRQHandler
                0x08000dd0                WWDG_IRQHandler
                0x08000dd0                TIM2_IRQHandler
                0x08000dd0                OTG_FS_WKUP_IRQHandler
                0x08000dd0                TIM1_TRG_COM_TIM11_IRQHandler
                0x08000dd0                OTG_HS_IRQHandler
                0x08000dd0                EXTI1_IRQHandler
                0x08000dd0                USART2_IRQHandler
                0x08000dd0                I2C2_ER_IRQHandler
                0x08000dd0                DMA2_Stream1_IRQHandler
                0x08000dd0                CAN1_SCE_IRQHandler
                0x08000dd0                FLASH_IRQHandler
                0x08000dd0                DMA2_Stream4_IRQHandler
                0x08000dd0                USART1_IRQHandler
                0x08000dd0                SPI3_IRQHandler
                0x08000dd0                DMA1_Stream4_IRQHandler
                0x08000dd0                I2C1_ER_IRQHandler
                0x08000dd0                DMA2_Stream6_IRQHandler
                0x08000dd0                DMA1_Stream3_IRQHandler
 *fill*         0x08000dd2        0x2 
 .text.HAL_Init
                0x08000dd4       0x44 ./Drivers/STM32F4xx_HAL_Driver/Src/stm32f4xx_hal.o
                0x08000dd4                HAL_Init
 .text.HAL_InitTick
                0x08000e18       0x60 ./Drivers/STM32F4xx_HAL_Driver/Src/stm32f4xx_hal.o
                0x08000e18                HAL_InitTick
 .text.HAL_IncTick
                0x08000e78       0x28 ./Drivers/STM32F4xx_HAL_Driver/Src/stm32f4xx_hal.o
                0x08000e78                HAL_IncTick
 .text.HAL_GetTick
                0x08000ea0       0x18 ./Drivers/STM32F4xx_HAL_Driver/Src/stm32f4xx_hal.o
                0x08000ea0                HAL_GetTick
 .text.HAL_Delay
                0x08000eb8       0x48 ./Drivers/STM32F4xx_HAL_Driver/Src/stm32f4xx_hal.o
                0x08000eb8                HAL_Delay
 .text.__NVIC_SetPriorityGrouping
                0x08000f00       0x48 ./Drivers/STM32F4xx_HAL_Driver/Src/stm32f4xx_hal_cortex.o
 .text.__NVIC_GetPriorityGrouping
                0x08000f48       0x1c ./Drivers/STM32F4xx_HAL_Driver/Src/stm32f4xx_hal_cortex.o
 .text.__NVIC_EnableIRQ
                0x08000f64       0x3c ./Drivers/STM32F4xx_HAL_Driver/Src/stm32f4xx_hal_cortex.o
 .text.__NVIC_SetPriority
                0x08000fa0       0x54 ./Drivers/STM32F4xx_HAL_Driver/Src/stm32f4xx_hal_cortex.o
 .text.NVIC_EncodePriority
                0x08000ff4       0x66 ./Drivers/STM32F4xx_HAL_Driver/Src/stm32f4xx_hal_cortex.o
 *fill*         0x0800105a        0x2 
 .text.SysTick_Config
                0x0800105c       0x44 ./Drivers/STM32F4xx_HAL_Driver/Src/stm32f4xx_hal_cortex.o
 .text.HAL_NVIC_SetPriorityGrouping
                0x080010a0       0x16 ./Drivers/STM32F4xx_HAL_Driver/Src/stm32f4xx_hal_cortex.o
                0x080010a0                HAL_NVIC_SetPriorityGrouping
 .text.HAL_NVIC_SetPriority
                0x080010b6       0x38 ./Drivers/STM32F4xx_HAL_Driver/Src/stm32f4xx_hal_cortex.o
                0x080010b6                HAL_NVIC_SetPriority
 .text.HAL_NVIC_EnableIRQ
                0x080010ee       0x1c ./Drivers/STM32F4xx_HAL_Driver/Src/stm32f4xx_hal_cortex.o
                0x080010ee                HAL_NVIC_EnableIRQ
 .text.HAL_SYSTICK_Config
                0x0800110a       0x18 ./Drivers/STM32F4xx_HAL_Driver/Src/stm32f4xx_hal_cortex.o
                0x0800110a                HAL_SYSTICK_Config
 *fill*         0x08001122        0x2 
 .text.HAL_GPIO_Init
                0x08001124      0x338 ./Drivers/STM32F4xx_HAL_Driver/Src/stm32f4xx_hal_gpio.o
                0x08001124                HAL_GPIO_Init
 .text.HAL_GPIO_ReadPin
                0x0800145c       0x30 ./Drivers/STM32F4xx_HAL_Driver/Src/stm32f4xx_hal_gpio.o
                0x0800145c                HAL_GPIO_ReadPin
 .text.HAL_GPIO_WritePin
                0x0800148c       0x32 ./Drivers/STM32F4xx_HAL_Driver/Src/stm32f4xx_hal_gpio.o
                0x0800148c                HAL_GPIO_WritePin
 .text.HAL_HCD_Init
                0x080014be       0xce ./Drivers/STM32F4xx_HAL_Driver/Src/stm32f4xx_hal_hcd.o
                0x080014be                HAL_HCD_Init
 .text.HAL_HCD_HC_Init
                0x0800158c      0x170 ./Drivers/STM32F4xx_HAL_Driver/Src/stm32f4xx_hal_hcd.o
                0x0800158c                HAL_HCD_HC_Init
 .text.HAL_HCD_HC_Halt
                0x080016fc       0x46 ./Drivers/STM32F4xx_HAL_Driver/Src/stm32f4xx_hal_hcd.o
                0x080016fc                HAL_HCD_HC_Halt
 *fill*         0x08001742        0x2 
 .text.HAL_HCD_HC_SubmitRequest
                0x08001744      0x33c ./Drivers/STM32F4xx_HAL_Driver/Src/stm32f4xx_hal_hcd.o
                0x08001744                HAL_HCD_HC_SubmitRequest
 .text.HAL_HCD_IRQHandler
                0x08001a80      0x220 ./Drivers/STM32F4xx_HAL_Driver/Src/stm32f4xx_hal_hcd.o
                0x08001a80                HAL_HCD_IRQHandler
 .text.HAL_HCD_Start
                0x08001ca0       0x46 ./Drivers/STM32F4xx_HAL_Driver/Src/stm32f4xx_hal_hcd.o
                0x08001ca0                HAL_HCD_Start
 .text.HAL_HCD_Stop
                0x08001ce6       0x3a ./Drivers/STM32F4xx_HAL_Driver/Src/stm32f4xx_hal_hcd.o
                0x08001ce6                HAL_HCD_Stop
 .text.HAL_HCD_ResetPort
                0x08001d20       0x1c ./Drivers/STM32F4xx_HAL_Driver/Src/stm32f4xx_hal_hcd.o
                0x08001d20                HAL_HCD_ResetPort
 .text.HAL_HCD_HC_GetURBState
                0x08001d3c       0x2a ./Drivers/STM32F4xx_HAL_Driver/Src/stm32f4xx_hal_hcd.o
                0x08001d3c                HAL_HCD_HC_GetURBState
 .text.HAL_HCD_HC_GetXferCount
                0x08001d66       0x2a ./Drivers/STM32F4xx_HAL_Driver/Src/stm32f4xx_hal_hcd.o
                0x08001d66                HAL_HCD_HC_GetXferCount
 .text.HAL_HCD_GetCurrentFrame
                0x08001d90       0x1c ./Drivers/STM32F4xx_HAL_Driver/Src/stm32f4xx_hal_hcd.o
                0x08001d90                HAL_HCD_GetCurrentFrame
 .text.HAL_HCD_GetCurrentSpeed
                0x08001dac       0x1c ./Drivers/STM32F4xx_HAL_Driver/Src/stm32f4xx_hal_hcd.o
                0x08001dac                HAL_HCD_GetCurrentSpeed
 .text.HAL_HCD_HC_ClearHubInfo
                0x08001dc8       0x6a ./Drivers/STM32F4xx_HAL_Driver/Src/stm32f4xx_hal_hcd.o
                0x08001dc8                HAL_HCD_HC_ClearHubInfo
 .text.HCD_HC_IN_IRQHandler
                0x08001e32      0xcd2 ./Drivers/STM32F4xx_HAL_Driver/Src/stm32f4xx_hal_hcd.o
 .text.HCD_HC_OUT_IRQHandler
                0x08002b04      0x94a ./Drivers/STM32F4xx_HAL_Driver/Src/stm32f4xx_hal_hcd.o
 .text.HCD_RXQLVL_IRQHandler
                0x0800344e      0x1be ./Drivers/STM32F4xx_HAL_Driver/Src/stm32f4xx_hal_hcd.o
 .text.HCD_Port_IRQHandler
                0x0800360c       0xe6 ./Drivers/STM32F4xx_HAL_Driver/Src/stm32f4xx_hal_hcd.o
 *fill*         0x080036f2        0x2 
 .text.HAL_I2C_Init
                0x080036f4      0x288 ./Drivers/STM32F4xx_HAL_Driver/Src/stm32f4xx_hal_i2c.o
                0x080036f4                HAL_I2C_Init
 .text.HAL_I2S_Init
                0x0800397c      0x280 ./Drivers/STM32F4xx_HAL_Driver/Src/stm32f4xx_hal_i2s.o
                0x0800397c                HAL_I2S_Init
 .text.HAL_I2S_TxCpltCallback
                0x08003bfc       0x14 ./Drivers/STM32F4xx_HAL_Driver/Src/stm32f4xx_hal_i2s.o
                0x08003bfc                HAL_I2S_TxCpltCallback
 .text.HAL_I2S_RxCpltCallback
                0x08003c10       0x14 ./Drivers/STM32F4xx_HAL_Driver/Src/stm32f4xx_hal_i2s.o
                0x08003c10                HAL_I2S_RxCpltCallback
 .text.HAL_I2S_ErrorCallback
                0x08003c24       0x14 ./Drivers/STM32F4xx_HAL_Driver/Src/stm32f4xx_hal_i2s.o
                0x08003c24                HAL_I2S_ErrorCallback
 .text.I2S_Transmit_IT
                0x08003c38       0x5c ./Drivers/STM32F4xx_HAL_Driver/Src/stm32f4xx_hal_i2s.o
 .text.I2S_Receive_IT
                0x08003c94       0x5e ./Drivers/STM32F4xx_HAL_Driver/Src/stm32f4xx_hal_i2s.o
 .text.I2S_IRQHandler
                0x08003cf2      0x114 ./Drivers/STM32F4xx_HAL_Driver/Src/stm32f4xx_hal_i2s.o
 *fill*         0x08003e06        0x2 
 .text.HAL_I2SEx_FullDuplex_IRQHandler
                0x08003e08      0x2a8 ./Drivers/STM32F4xx_HAL_Driver/Src/stm32f4xx_hal_i2s_ex.o
                0x08003e08                HAL_I2SEx_FullDuplex_IRQHandler
 .text.HAL_I2SEx_TxRxCpltCallback
                0x080040b0       0x14 ./Drivers/STM32F4xx_HAL_Driver/Src/stm32f4xx_hal_i2s_ex.o
                0x080040b0                HAL_I2SEx_TxRxCpltCallback
 .text.I2SEx_TxISR_I2S
                0x080040c4       0x62 ./Drivers/STM32F4xx_HAL_Driver/Src/stm32f4xx_hal_i2s_ex.o
 *fill*         0x08004126        0x2 
 .text.I2SEx_TxISR_I2SExt
                0x08004128       0x98 ./Drivers/STM32F4xx_HAL_Driver/Src/stm32f4xx_hal_i2s_ex.o
 .text.I2SEx_RxISR_I2S
                0x080041c0       0x64 ./Drivers/STM32F4xx_HAL_Driver/Src/stm32f4xx_hal_i2s_ex.o
 .text.I2SEx_RxISR_I2SExt
                0x08004224       0x98 ./Drivers/STM32F4xx_HAL_Driver/Src/stm32f4xx_hal_i2s_ex.o
 .text.HAL_RCC_OscConfig
                0x080042bc      0x4f0 ./Drivers/STM32F4xx_HAL_Driver/Src/stm32f4xx_hal_rcc.o
                0x080042bc                HAL_RCC_OscConfig
 .text.HAL_RCC_ClockConfig
                0x080047ac      0x1cc ./Drivers/STM32F4xx_HAL_Driver/Src/stm32f4xx_hal_rcc.o
                0x080047ac                HAL_RCC_ClockConfig
 .text.HAL_RCC_GetSysClockFreq
                0x08004978      0x20c ./Drivers/STM32F4xx_HAL_Driver/Src/stm32f4xx_hal_rcc.o
                0x08004978                HAL_RCC_GetSysClockFreq
 .text.HAL_RCC_GetHCLKFreq
                0x08004b84       0x18 ./Drivers/STM32F4xx_HAL_Driver/Src/stm32f4xx_hal_rcc.o
                0x08004b84                HAL_RCC_GetHCLKFreq
 .text.HAL_RCC_GetPCLK1Freq
                0x08004b9c       0x28 ./Drivers/STM32F4xx_HAL_Driver/Src/stm32f4xx_hal_rcc.o
                0x08004b9c                HAL_RCC_GetPCLK1Freq
 .text.HAL_RCCEx_PeriphCLKConfig
                0x08004bc4      0x1c4 ./Drivers/STM32F4xx_HAL_Driver/Src/stm32f4xx_hal_rcc_ex.o
                0x08004bc4                HAL_RCCEx_PeriphCLKConfig
 .text.HAL_RCCEx_GetPeriphCLKFreq
                0x08004d88       0xc0 ./Drivers/STM32F4xx_HAL_Driver/Src/stm32f4xx_hal_rcc_ex.o
                0x08004d88                HAL_RCCEx_GetPeriphCLKFreq
 .text.HAL_SPI_Init
                0x08004e48      0x112 ./Drivers/STM32F4xx_HAL_Driver/Src/stm32f4xx_hal_spi.o
                0x08004e48                HAL_SPI_Init
 .text.USB_CoreInit
                0x08004f5a       0xc8 ./Drivers/STM32F4xx_HAL_Driver/Src/stm32f4xx_ll_usb.o
                0x08004f5a                USB_CoreInit
 .text.USB_EnableGlobalInt
                0x08005022       0x22 ./Drivers/STM32F4xx_HAL_Driver/Src/stm32f4xx_ll_usb.o
                0x08005022                USB_EnableGlobalInt
 .text.USB_DisableGlobalInt
                0x08005044       0x22 ./Drivers/STM32F4xx_HAL_Driver/Src/stm32f4xx_ll_usb.o
                0x08005044                USB_DisableGlobalInt
 .text.USB_SetCurrentMode
                0x08005066       0x98 ./Drivers/STM32F4xx_HAL_Driver/Src/stm32f4xx_ll_usb.o
                0x08005066                USB_SetCurrentMode
 .text.USB_FlushTxFifo
                0x080050fe       0x64 ./Drivers/STM32F4xx_HAL_Driver/Src/stm32f4xx_ll_usb.o
                0x080050fe                USB_FlushTxFifo
 .text.USB_FlushRxFifo
                0x08005162       0x5c ./Drivers/STM32F4xx_HAL_Driver/Src/stm32f4xx_ll_usb.o
                0x08005162                USB_FlushRxFifo
 .text.USB_WritePacket
                0x080051be       0x7c ./Drivers/STM32F4xx_HAL_Driver/Src/stm32f4xx_ll_usb.o
                0x080051be                USB_WritePacket
 .text.USB_ReadPacket
                0x0800523a       0xb0 ./Drivers/STM32F4xx_HAL_Driver/Src/stm32f4xx_ll_usb.o
                0x0800523a                USB_ReadPacket
 .text.USB_ReadInterrupts
                0x080052ea       0x26 ./Drivers/STM32F4xx_HAL_Driver/Src/stm32f4xx_ll_usb.o
                0x080052ea                USB_ReadInterrupts
 .text.USB_ReadChInterrupts
                0x08005310       0x42 ./Drivers/STM32F4xx_HAL_Driver/Src/stm32f4xx_ll_usb.o
                0x08005310                USB_ReadChInterrupts
 .text.USB_GetMode
                0x08005352       0x1c ./Drivers/STM32F4xx_HAL_Driver/Src/stm32f4xx_ll_usb.o
                0x08005352                USB_GetMode
 .text.USB_CoreReset
                0x0800536e       0x62 ./Drivers/STM32F4xx_HAL_Driver/Src/stm32f4xx_ll_usb.o
 .text.USB_HostInit
                0x080053d0      0x188 ./Drivers/STM32F4xx_HAL_Driver/Src/stm32f4xx_ll_usb.o
                0x080053d0                USB_HostInit
 .text.USB_InitFSLSPClkSel
                0x08005558       0x7a ./Drivers/STM32F4xx_HAL_Driver/Src/stm32f4xx_ll_usb.o
                0x08005558                USB_InitFSLSPClkSel
 .text.USB_ResetPort
                0x080055d2       0x54 ./Drivers/STM32F4xx_HAL_Driver/Src/stm32f4xx_ll_usb.o
                0x080055d2                USB_ResetPort
 .text.USB_DriveVbus
                0x08005626       0x72 ./Drivers/STM32F4xx_HAL_Driver/Src/stm32f4xx_ll_usb.o
                0x08005626                USB_DriveVbus
 .text.USB_GetHostSpeed
                0x08005698       0x2e ./Drivers/STM32F4xx_HAL_Driver/Src/stm32f4xx_ll_usb.o
                0x08005698                USB_GetHostSpeed
 .text.USB_GetCurrentFrame
                0x080056c6       0x22 ./Drivers/STM32F4xx_HAL_Driver/Src/stm32f4xx_ll_usb.o
                0x080056c6                USB_GetCurrentFrame
 .text.USB_HC_Init
                0x080056e8      0x258 ./Drivers/STM32F4xx_HAL_Driver/Src/stm32f4xx_ll_usb.o
                0x080056e8                USB_HC_Init
 .text.USB_HC_StartXfer
                0x08005940      0x4f4 ./Drivers/STM32F4xx_HAL_Driver/Src/stm32f4xx_ll_usb.o
                0x08005940                USB_HC_StartXfer
 .text.USB_HC_ReadInterrupt
                0x08005e34       0x22 ./Drivers/STM32F4xx_HAL_Driver/Src/stm32f4xx_ll_usb.o
                0x08005e34                USB_HC_ReadInterrupt
 .text.USB_HC_Halt
                0x08005e56      0x240 ./Drivers/STM32F4xx_HAL_Driver/Src/stm32f4xx_ll_usb.o
                0x08005e56                USB_HC_Halt
 *fill*         0x08006096        0x2 
 .text.USB_DoPing
                0x08006098       0x78 ./Drivers/STM32F4xx_HAL_Driver/Src/stm32f4xx_ll_usb.o
                0x08006098                USB_DoPing
 .text.USB_StopHost
                0x08006110      0x124 ./Drivers/STM32F4xx_HAL_Driver/Src/stm32f4xx_ll_usb.o
                0x08006110                USB_StopHost
 .text.USBH_CDC_InterfaceInit
                0x08006234      0x2ac ./Middlewares/ST/STM32_USB_Host_Library/Class/CDC/Src/usbh_cdc.o
 .text.USBH_CDC_InterfaceDeInit
                0x080064e0       0xb2 ./Middlewares/ST/STM32_USB_Host_Library/Class/CDC/Src/usbh_cdc.o
 .text.USBH_CDC_ClassRequest
                0x08006592       0x3e ./Middlewares/ST/STM32_USB_Host_Library/Class/CDC/Src/usbh_cdc.o
 .text.USBH_CDC_Process
                0x080065d0      0x12c ./Middlewares/ST/STM32_USB_Host_Library/Class/CDC/Src/usbh_cdc.o
 .text.USBH_CDC_SOFProcess
                0x080066fc       0x16 ./Middlewares/ST/STM32_USB_Host_Library/Class/CDC/Src/usbh_cdc.o
 .text.GetLineCoding
                0x08006712       0x3e ./Middlewares/ST/STM32_USB_Host_Library/Class/CDC/Src/usbh_cdc.o
 .text.SetLineCoding
                0x08006750       0x3e ./Middlewares/ST/STM32_USB_Host_Library/Class/CDC/Src/usbh_cdc.o
 .text.CDC_ProcessTransmission
                0x0800678e       0xec ./Middlewares/ST/STM32_USB_Host_Library/Class/CDC/Src/usbh_cdc.o
 .text.CDC_ProcessReception
                0x0800687a       0xb6 ./Middlewares/ST/STM32_USB_Host_Library/Class/CDC/Src/usbh_cdc.o
 .text.USBH_CDC_TransmitCallback
                0x08006930       0x14 ./Middlewares/ST/STM32_USB_Host_Library/Class/CDC/Src/usbh_cdc.o
                0x08006930                USBH_CDC_TransmitCallback
 .text.USBH_CDC_ReceiveCallback
                0x08006944       0x14 ./Middlewares/ST/STM32_USB_Host_Library/Class/CDC/Src/usbh_cdc.o
                0x08006944                USBH_CDC_ReceiveCallback
 .text.USBH_CDC_LineCodingChanged
                0x08006958       0x14 ./Middlewares/ST/STM32_USB_Host_Library/Class/CDC/Src/usbh_cdc.o
                0x08006958                USBH_CDC_LineCodingChanged
 .text.USBH_Init
                0x0800696c       0x74 ./Middlewares/ST/STM32_USB_Host_Library/Core/Src/usbh_core.o
                0x0800696c                USBH_Init
 .text.DeInitStateMachine
                0x080069e0       0xe6 ./Middlewares/ST/STM32_USB_Host_Library/Core/Src/usbh_core.o
 .text.USBH_RegisterClass
                0x08006ac6       0x54 ./Middlewares/ST/STM32_USB_Host_Library/Core/Src/usbh_core.o
                0x08006ac6                USBH_RegisterClass
 .text.USBH_SelectInterface
                0x08006b1a       0x38 ./Middlewares/ST/STM32_USB_Host_Library/Core/Src/usbh_core.o
                0x08006b1a                USBH_SelectInterface
 .text.USBH_FindInterface
                0x08006b52       0x8c ./Middlewares/ST/STM32_USB_Host_Library/Core/Src/usbh_core.o
                0x08006b52                USBH_FindInterface
 .text.USBH_Start
                0x08006bde       0x20 ./Middlewares/ST/STM32_USB_Host_Library/Core/Src/usbh_core.o
                0x08006bde                USBH_Start
 *fill*         0x08006bfe        0x2 
 .text.USBH_Process
                0x08006c00      0x3d0 ./Middlewares/ST/STM32_USB_Host_Library/Core/Src/usbh_core.o
                0x08006c00                USBH_Process
 .text.USBH_HandleEnum
                0x08006fd0      0x3c0 ./Middlewares/ST/STM32_USB_Host_Library/Core/Src/usbh_core.o
 .text.USBH_LL_SetTimer
                0x08007390       0x1e ./Middlewares/ST/STM32_USB_Host_Library/Core/Src/usbh_core.o
                0x08007390                USBH_LL_SetTimer
 .text.USBH_LL_IncTimer
                0x080073ae       0x24 ./Middlewares/ST/STM32_USB_Host_Library/Core/Src/usbh_core.o
                0x080073ae                USBH_LL_IncTimer
 .text.USBH_HandleSof
                0x080073d2       0x30 ./Middlewares/ST/STM32_USB_Host_Library/Core/Src/usbh_core.o
 .text.USBH_LL_PortEnabled
                0x08007402       0x1c ./Middlewares/ST/STM32_USB_Host_Library/Core/Src/usbh_core.o
                0x08007402                USBH_LL_PortEnabled
 .text.USBH_LL_PortDisabled
                0x0800741e       0x1c ./Middlewares/ST/STM32_USB_Host_Library/Core/Src/usbh_core.o
                0x0800741e                USBH_LL_PortDisabled
 .text.USBH_LL_Connect
                0x0800743a       0x2e ./Middlewares/ST/STM32_USB_Host_Library/Core/Src/usbh_core.o
                0x0800743a                USBH_LL_Connect
 .text.USBH_LL_Disconnect
                0x08007468       0x48 ./Middlewares/ST/STM32_USB_Host_Library/Core/Src/usbh_core.o
                0x08007468                USBH_LL_Disconnect
 .text.USBH_Get_DevDesc
                0x080074b0       0x58 ./Middlewares/ST/STM32_USB_Host_Library/Core/Src/usbh_ctlreq.o
                0x080074b0                USBH_Get_DevDesc
 .text.USBH_Get_CfgDesc
                0x08007508       0x54 ./Middlewares/ST/STM32_USB_Host_Library/Core/Src/usbh_ctlreq.o
                0x08007508                USBH_Get_CfgDesc
 .text.USBH_Get_StringDesc
                0x0800755c       0x68 ./Middlewares/ST/STM32_USB_Host_Library/Core/Src/usbh_ctlreq.o
                0x0800755c                USBH_Get_StringDesc
 .text.USBH_GetDescriptor
                0x080075c4       0x6a ./Middlewares/ST/STM32_USB_Host_Library/Core/Src/usbh_ctlreq.o
                0x080075c4                USBH_GetDescriptor
 .text.USBH_SetAddress
                0x0800762e       0x48 ./Middlewares/ST/STM32_USB_Host_Library/Core/Src/usbh_ctlreq.o
                0x0800762e                USBH_SetAddress
 .text.USBH_SetCfg
                0x08007676       0x46 ./Middlewares/ST/STM32_USB_Host_Library/Core/Src/usbh_ctlreq.o
                0x08007676                USBH_SetCfg
 .text.USBH_SetFeature
                0x080076bc       0x48 ./Middlewares/ST/STM32_USB_Host_Library/Core/Src/usbh_ctlreq.o
                0x080076bc                USBH_SetFeature
 .text.USBH_ClrFeature
                0x08007704       0x48 ./Middlewares/ST/STM32_USB_Host_Library/Core/Src/usbh_ctlreq.o
                0x08007704                USBH_ClrFeature
 .text.USBH_ParseDevDesc
                0x0800774c      0x160 ./Middlewares/ST/STM32_USB_Host_Library/Core/Src/usbh_ctlreq.o
 .text.USBH_ParseCfgDesc
                0x080078ac      0x1f0 ./Middlewares/ST/STM32_USB_Host_Library/Core/Src/usbh_ctlreq.o
 .text.USBH_ParseInterfaceDesc
                0x08007a9c       0x68 ./Middlewares/ST/STM32_USB_Host_Library/Core/Src/usbh_ctlreq.o
 .text.USBH_ParseEPDesc
                0x08007b04      0x1d0 ./Middlewares/ST/STM32_USB_Host_Library/Core/Src/usbh_ctlreq.o
 .text.USBH_ParseStringDesc
                0x08007cd4       0x66 ./Middlewares/ST/STM32_USB_Host_Library/Core/Src/usbh_ctlreq.o
 .text.USBH_GetNextDesc
                0x08007d3a       0x34 ./Middlewares/ST/STM32_USB_Host_Library/Core/Src/usbh_ctlreq.o
                0x08007d3a                USBH_GetNextDesc
 .text.USBH_CtlReq
                0x08007d6e       0x7a ./Middlewares/ST/STM32_USB_Host_Library/Core/Src/usbh_ctlreq.o
                0x08007d6e                USBH_CtlReq
 .text.USBH_HandleControl
                0x08007de8      0x2e8 ./Middlewares/ST/STM32_USB_Host_Library/Core/Src/usbh_ctlreq.o
 .text.USBH_CtlSendSetup
                0x080080d0       0x34 ./Middlewares/ST/STM32_USB_Host_Library/Core/Src/usbh_ioreq.o
                0x080080d0                USBH_CtlSendSetup
 .text.USBH_CtlSendData
                0x08008104       0x4a ./Middlewares/ST/STM32_USB_Host_Library/Core/Src/usbh_ioreq.o
                0x08008104                USBH_CtlSendData
 .text.USBH_CtlReceiveData
                0x0800814e       0x3c ./Middlewares/ST/STM32_USB_Host_Library/Core/Src/usbh_ioreq.o
                0x0800814e                USBH_CtlReceiveData
 .text.USBH_BulkSendData
                0x0800818a       0x4a ./Middlewares/ST/STM32_USB_Host_Library/Core/Src/usbh_ioreq.o
                0x0800818a                USBH_BulkSendData
 .text.USBH_BulkReceiveData
                0x080081d4       0x3c ./Middlewares/ST/STM32_USB_Host_Library/Core/Src/usbh_ioreq.o
                0x080081d4                USBH_BulkReceiveData
 .text.USBH_OpenPipe
                0x08008210       0x3e ./Middlewares/ST/STM32_USB_Host_Library/Core/Src/usbh_pipes.o
                0x08008210                USBH_OpenPipe
 .text.USBH_ClosePipe
                0x0800824e       0x20 ./Middlewares/ST/STM32_USB_Host_Library/Core/Src/usbh_pipes.o
                0x0800824e                USBH_ClosePipe
 .text.USBH_AllocPipe
                0x0800826e       0x42 ./Middlewares/ST/STM32_USB_Host_Library/Core/Src/usbh_pipes.o
                0x0800826e                USBH_AllocPipe
 .text.USBH_FreePipe
                0x080082b0       0x3c ./Middlewares/ST/STM32_USB_Host_Library/Core/Src/usbh_pipes.o
                0x080082b0                USBH_FreePipe
 .text.USBH_GetFreePipe
                0x080082ec       0x48 ./Middlewares/ST/STM32_USB_Host_Library/Core/Src/usbh_pipes.o
 .text.MX_USB_HOST_Init
                0x08008334       0x4c ./USB_HOST/App/usb_host.o
                0x08008334                MX_USB_HOST_Init
 .text.MX_USB_HOST_Process
                0x08008380       0x14 ./USB_HOST/App/usb_host.o
                0x08008380                MX_USB_HOST_Process
 .text.USBH_UserProcess
                0x08008394       0x5c ./USB_HOST/App/usb_host.o
 .text.HAL_HCD_MspInit
                0x080083f0       0xc4 ./USB_HOST/Target/usbh_conf.o
                0x080083f0                HAL_HCD_MspInit
 .text.HAL_HCD_SOF_Callback
                0x080084b4       0x1c ./USB_HOST/Target/usbh_conf.o
                0x080084b4                HAL_HCD_SOF_Callback
 .text.HAL_HCD_Connect_Callback
                0x080084d0       0x1c ./USB_HOST/Target/usbh_conf.o
                0x080084d0                HAL_HCD_Connect_Callback
 .text.HAL_HCD_Disconnect_Callback
                0x080084ec       0x1c ./USB_HOST/Target/usbh_conf.o
                0x080084ec                HAL_HCD_Disconnect_Callback
 .text.HAL_HCD_HC_NotifyURBChange_Callback
                0x08008508       0x1c ./USB_HOST/Target/usbh_conf.o
                0x08008508                HAL_HCD_HC_NotifyURBChange_Callback
 .text.HAL_HCD_PortEnabled_Callback
                0x08008524       0x1c ./USB_HOST/Target/usbh_conf.o
                0x08008524                HAL_HCD_PortEnabled_Callback
 .text.HAL_HCD_PortDisabled_Callback
                0x08008540       0x1c ./USB_HOST/Target/usbh_conf.o
                0x08008540                HAL_HCD_PortDisabled_Callback
 .text.USBH_LL_Init
                0x0800855c       0x78 ./USB_HOST/Target/usbh_conf.o
                0x0800855c                USBH_LL_Init
 .text.USBH_LL_Start
                0x080085d4       0x36 ./USB_HOST/Target/usbh_conf.o
                0x080085d4                USBH_LL_Start
 .text.USBH_LL_Stop
                0x0800860a       0x36 ./USB_HOST/Target/usbh_conf.o
                0x0800860a                USBH_LL_Stop
 .text.USBH_LL_GetSpeed
                0x08008640       0x4e ./USB_HOST/Target/usbh_conf.o
                0x08008640                USBH_LL_GetSpeed
 .text.USBH_LL_ResetPort
                0x0800868e       0x36 ./USB_HOST/Target/usbh_conf.o
                0x0800868e                USBH_LL_ResetPort
 .text.USBH_LL_GetLastXferSize
                0x080086c4       0x26 ./USB_HOST/Target/usbh_conf.o
                0x080086c4                USBH_LL_GetLastXferSize
 .text.USBH_LL_OpenPipe
                0x080086ea       0x5e ./USB_HOST/Target/usbh_conf.o
                0x080086ea                USBH_LL_OpenPipe
 .text.USBH_LL_ClosePipe
                0x08008748       0x3e ./USB_HOST/Target/usbh_conf.o
                0x08008748                USBH_LL_ClosePipe
 .text.USBH_LL_SubmitURB
                0x08008786       0x62 ./USB_HOST/Target/usbh_conf.o
                0x08008786                USBH_LL_SubmitURB
 .text.USBH_LL_GetURBState
                0x080087e8       0x26 ./USB_HOST/Target/usbh_conf.o
                0x080087e8                USBH_LL_GetURBState
 .text.USBH_LL_DriverVBUS
                0x0800880e       0x2e ./USB_HOST/Target/usbh_conf.o
                0x0800880e                USBH_LL_DriverVBUS
 .text.USBH_LL_SetToggle
                0x0800883c       0x66 ./USB_HOST/Target/usbh_conf.o
                0x0800883c                USBH_LL_SetToggle
 .text.USBH_Delay
                0x080088a2       0x16 ./USB_HOST/Target/usbh_conf.o
                0x080088a2                USBH_Delay
 .text.USBH_Get_USB_Status
                0x080088b8       0x58 ./USB_HOST/Target/usbh_conf.o
                0x080088b8                USBH_Get_USB_Status
 .text.MX_DriverVbusFS
                0x08008910       0x38 ./USB_HOST/Target/usbh_platform.o
                0x08008910                MX_DriverVbusFS
 .text.malloc   0x08008948       0x10 D:/ST/STM32CubeIDE_1.16.0/STM32CubeIDE/plugins/com.st.stm32cube.ide.mcu.externaltools.gnu-tools-for-stm32.12.3.rel1.win32_1.0.200.202406191623/tools/bin/../lib/gcc/arm-none-eabi/12.3.1/../../../../arm-none-eabi/lib/thumb/v7e-m+fp/hard\libc_nano.a(libc_a-malloc.o)
                0x08008948                malloc
 .text.free     0x08008958       0x10 D:/ST/STM32CubeIDE_1.16.0/STM32CubeIDE/plugins/com.st.stm32cube.ide.mcu.externaltools.gnu-tools-for-stm32.12.3.rel1.win32_1.0.200.202406191623/tools/bin/../lib/gcc/arm-none-eabi/12.3.1/../../../../arm-none-eabi/lib/thumb/v7e-m+fp/hard\libc_nano.a(libc_a-malloc.o)
                0x08008958                free
 .text.sbrk_aligned
                0x08008968       0x44 D:/ST/STM32CubeIDE_1.16.0/STM32CubeIDE/plugins/com.st.stm32cube.ide.mcu.externaltools.gnu-tools-for-stm32.12.3.rel1.win32_1.0.200.202406191623/tools/bin/../lib/gcc/arm-none-eabi/12.3.1/../../../../arm-none-eabi/lib/thumb/v7e-m+fp/hard\libc_nano.a(libc_a-mallocr.o)
 .text._malloc_r
                0x080089ac      0x100 D:/ST/STM32CubeIDE_1.16.0/STM32CubeIDE/plugins/com.st.stm32cube.ide.mcu.externaltools.gnu-tools-for-stm32.12.3.rel1.win32_1.0.200.202406191623/tools/bin/../lib/gcc/arm-none-eabi/12.3.1/../../../../arm-none-eabi/lib/thumb/v7e-m+fp/hard\libc_nano.a(libc_a-mallocr.o)
                0x080089ac                _malloc_r
 .text.__malloc_lock
                0x08008aac        0xc D:/ST/STM32CubeIDE_1.16.0/STM32CubeIDE/plugins/com.st.stm32cube.ide.mcu.externaltools.gnu-tools-for-stm32.12.3.rel1.win32_1.0.200.202406191623/tools/bin/../lib/gcc/arm-none-eabi/12.3.1/../../../../arm-none-eabi/lib/thumb/v7e-m+fp/hard\libc_nano.a(libc_a-mlock.o)
                0x08008aac                __malloc_lock
 .text.__malloc_unlock
                0x08008ab8        0xc D:/ST/STM32CubeIDE_1.16.0/STM32CubeIDE/plugins/com.st.stm32cube.ide.mcu.externaltools.gnu-tools-for-stm32.12.3.rel1.win32_1.0.200.202406191623/tools/bin/../lib/gcc/arm-none-eabi/12.3.1/../../../../arm-none-eabi/lib/thumb/v7e-m+fp/hard\libc_nano.a(libc_a-mlock.o)
                0x08008ab8                __malloc_unlock
 .text.memset   0x08008ac4       0x10 D:/ST/STM32CubeIDE_1.16.0/STM32CubeIDE/plugins/com.st.stm32cube.ide.mcu.externaltools.gnu-tools-for-stm32.12.3.rel1.win32_1.0.200.202406191623/tools/bin/../lib/gcc/arm-none-eabi/12.3.1/../../../../arm-none-eabi/lib/thumb/v7e-m+fp/hard\libc_nano.a(libc_a-memset.o)
                0x08008ac4                memset
 .text._sbrk_r  0x08008ad4       0x20 D:/ST/STM32CubeIDE_1.16.0/STM32CubeIDE/plugins/com.st.stm32cube.ide.mcu.externaltools.gnu-tools-for-stm32.12.3.rel1.win32_1.0.200.202406191623/tools/bin/../lib/gcc/arm-none-eabi/12.3.1/../../../../arm-none-eabi/lib/thumb/v7e-m+fp/hard\libc_nano.a(libc_a-sbrkr.o)
                0x08008ad4                _sbrk_r
 .text.__errno  0x08008af4        0xc D:/ST/STM32CubeIDE_1.16.0/STM32CubeIDE/plugins/com.st.stm32cube.ide.mcu.externaltools.gnu-tools-for-stm32.12.3.rel1.win32_1.0.200.202406191623/tools/bin/../lib/gcc/arm-none-eabi/12.3.1/../../../../arm-none-eabi/lib/thumb/v7e-m+fp/hard\libc_nano.a(libc_a-errno.o)
                0x08008af4                __errno
 .text.__libc_init_array
                0x08008b00       0x48 D:/ST/STM32CubeIDE_1.16.0/STM32CubeIDE/plugins/com.st.stm32cube.ide.mcu.externaltools.gnu-tools-for-stm32.12.3.rel1.win32_1.0.200.202406191623/tools/bin/../lib/gcc/arm-none-eabi/12.3.1/../../../../arm-none-eabi/lib/thumb/v7e-m+fp/hard\libc_nano.a(libc_a-init.o)
                0x08008b00                __libc_init_array
 .text.__retarget_lock_acquire_recursive
                0x08008b48        0x2 D:/ST/STM32CubeIDE_1.16.0/STM32CubeIDE/plugins/com.st.stm32cube.ide.mcu.externaltools.gnu-tools-for-stm32.12.3.rel1.win32_1.0.200.202406191623/tools/bin/../lib/gcc/arm-none-eabi/12.3.1/../../../../arm-none-eabi/lib/thumb/v7e-m+fp/hard\libc_nano.a(libc_a-lock.o)
                0x08008b48                __retarget_lock_acquire_recursive
 .text.__retarget_lock_release_recursive
                0x08008b4a        0x2 D:/ST/STM32CubeIDE_1.16.0/STM32CubeIDE/plugins/com.st.stm32cube.ide.mcu.externaltools.gnu-tools-for-stm32.12.3.rel1.win32_1.0.200.202406191623/tools/bin/../lib/gcc/arm-none-eabi/12.3.1/../../../../arm-none-eabi/lib/thumb/v7e-m+fp/hard\libc_nano.a(libc_a-lock.o)
                0x08008b4a                __retarget_lock_release_recursive
 .text._free_r  0x08008b4c       0x94 D:/ST/STM32CubeIDE_1.16.0/STM32CubeIDE/plugins/com.st.stm32cube.ide.mcu.externaltools.gnu-tools-for-stm32.12.3.rel1.win32_1.0.200.202406191623/tools/bin/../lib/gcc/arm-none-eabi/12.3.1/../../../../arm-none-eabi/lib/thumb/v7e-m+fp/hard\libc_nano.a(libc_a-freer.o)
                0x08008b4c                _free_r
 *(.glue_7)
 .glue_7        0x08008be0        0x0 linker stubs
 *(.glue_7t)
 .glue_7t       0x08008be0        0x0 linker stubs
 *(.eh_frame)
 .eh_frame      0x08008be0        0x0 D:/ST/STM32CubeIDE_1.16.0/STM32CubeIDE/plugins/com.st.stm32cube.ide.mcu.externaltools.gnu-tools-for-stm32.12.3.rel1.win32_1.0.200.202406191623/tools/bin/../lib/gcc/arm-none-eabi/12.3.1/thumb/v7e-m+fp/hard/crtbegin.o
 *(.init)
 .init          0x08008be0        0x4 D:/ST/STM32CubeIDE_1.16.0/STM32CubeIDE/plugins/com.st.stm32cube.ide.mcu.externaltools.gnu-tools-for-stm32.12.3.rel1.win32_1.0.200.202406191623/tools/bin/../lib/gcc/arm-none-eabi/12.3.1/thumb/v7e-m+fp/hard/crti.o
                0x08008be0                _init
 .init          0x08008be4        0x8 D:/ST/STM32CubeIDE_1.16.0/STM32CubeIDE/plugins/com.st.stm32cube.ide.mcu.externaltools.gnu-tools-for-stm32.12.3.rel1.win32_1.0.200.202406191623/tools/bin/../lib/gcc/arm-none-eabi/12.3.1/thumb/v7e-m+fp/hard/crtn.o
 *(.fini)
 .fini          0x08008bec        0x4 D:/ST/STM32CubeIDE_1.16.0/STM32CubeIDE/plugins/com.st.stm32cube.ide.mcu.externaltools.gnu-tools-for-stm32.12.3.rel1.win32_1.0.200.202406191623/tools/bin/../lib/gcc/arm-none-eabi/12.3.1/thumb/v7e-m+fp/hard/crti.o
                0x08008bec                _fini
 .fini          0x08008bf0        0x8 D:/ST/STM32CubeIDE_1.16.0/STM32CubeIDE/plugins/com.st.stm32cube.ide.mcu.externaltools.gnu-tools-for-stm32.12.3.rel1.win32_1.0.200.202406191623/tools/bin/../lib/gcc/arm-none-eabi/12.3.1/thumb/v7e-m+fp/hard/crtn.o
                0x08008bf8                        . = ALIGN (0x4)
                0x08008bf8                        _etext = .

.vfp11_veneer   0x08008bf8        0x0
 .vfp11_veneer  0x08008bf8        0x0 linker stubs

.v4_bx          0x08008bf8        0x0
 .v4_bx         0x08008bf8        0x0 linker stubs

.iplt           0x08008bf8        0x0
 .iplt          0x08008bf8        0x0 D:/ST/STM32CubeIDE_1.16.0/STM32CubeIDE/plugins/com.st.stm32cube.ide.mcu.externaltools.gnu-tools-for-stm32.12.3.rel1.win32_1.0.200.202406191623/tools/bin/../lib/gcc/arm-none-eabi/12.3.1/thumb/v7e-m+fp/hard/crtbegin.o

.rodata         0x08008bf8       0x1c
                0x08008bf8                        . = ALIGN (0x4)
 *(.rodata)
 .rodata        0x08008bf8        0x4 ./Middlewares/ST/STM32_USB_Host_Library/Class/CDC/Src/usbh_cdc.o
 *(.rodata*)
 .rodata.AHBPrescTable
                0x08008bfc       0x10 ./Core/Src/system_stm32f4xx.o
                0x08008bfc                AHBPrescTable
 .rodata.APBPrescTable
                0x08008c0c        0x8 ./Core/Src/system_stm32f4xx.o
                0x08008c0c                APBPrescTable
                0x08008c14                        . = ALIGN (0x4)

.ARM.extab      0x08008c14        0x0
                0x08008c14                        . = ALIGN (0x4)
 *(.ARM.extab* .gnu.linkonce.armextab.*)
                0x08008c14                        . = ALIGN (0x4)

.ARM            0x08008c14        0x8
                0x08008c14                        . = ALIGN (0x4)
                0x08008c14                        __exidx_start = .
 *(.ARM.exidx*)
 .ARM.exidx     0x08008c14        0x8 D:/ST/STM32CubeIDE_1.16.0/STM32CubeIDE/plugins/com.st.stm32cube.ide.mcu.externaltools.gnu-tools-for-stm32.12.3.rel1.win32_1.0.200.202406191623/tools/bin/../lib/gcc/arm-none-eabi/12.3.1/thumb/v7e-m+fp/hard\libgcc.a(_udivmoddi4.o)
                0x08008c1c                        __exidx_end = .
                0x08008c1c                        . = ALIGN (0x4)

.preinit_array  0x08008c1c        0x0
                0x08008c1c                        . = ALIGN (0x4)
                0x08008c1c                        PROVIDE (__preinit_array_start = .)
 *(.preinit_array*)
                0x08008c1c                        PROVIDE (__preinit_array_end = .)
                0x08008c1c                        . = ALIGN (0x4)

.init_array     0x08008c1c        0x4
                0x08008c1c                        . = ALIGN (0x4)
                0x08008c1c                        PROVIDE (__init_array_start = .)
 *(SORT_BY_NAME(.init_array.*))
 *(.init_array*)
 .init_array    0x08008c1c        0x4 D:/ST/STM32CubeIDE_1.16.0/STM32CubeIDE/plugins/com.st.stm32cube.ide.mcu.externaltools.gnu-tools-for-stm32.12.3.rel1.win32_1.0.200.202406191623/tools/bin/../lib/gcc/arm-none-eabi/12.3.1/thumb/v7e-m+fp/hard/crtbegin.o
                0x08008c20                        PROVIDE (__init_array_end = .)
                0x08008c20                        . = ALIGN (0x4)

.fini_array     0x08008c20        0x4
                0x08008c20                        . = ALIGN (0x4)
                [!provide]                        PROVIDE (__fini_array_start = .)
 *(SORT_BY_NAME(.fini_array.*))
 *(.fini_array*)
 .fini_array    0x08008c20        0x4 D:/ST/STM32CubeIDE_1.16.0/STM32CubeIDE/plugins/com.st.stm32cube.ide.mcu.externaltools.gnu-tools-for-stm32.12.3.rel1.win32_1.0.200.202406191623/tools/bin/../lib/gcc/arm-none-eabi/12.3.1/thumb/v7e-m+fp/hard/crtbegin.o
                [!provide]                        PROVIDE (__fini_array_end = .)
                0x08008c24                        . = ALIGN (0x4)
                0x08008c24                        _sidata = LOADADDR (.data)

.rel.dyn        0x08008c24        0x0
 .rel.iplt      0x08008c24        0x0 D:/ST/STM32CubeIDE_1.16.0/STM32CubeIDE/plugins/com.st.stm32cube.ide.mcu.externaltools.gnu-tools-for-stm32.12.3.rel1.win32_1.0.200.202406191623/tools/bin/../lib/gcc/arm-none-eabi/12.3.1/thumb/v7e-m+fp/hard/crtbegin.o

.data           0x20000000       0x80 load address 0x08008c24
                0x20000000                        . = ALIGN (0x4)
                0x20000000                        _sdata = .
 *(.data)
 *(.data*)
 .data.delay    0x20000000        0x4 ./Core/Src/main.o
                0x20000000                delay
 .data.SystemCoreClock
                0x20000004        0x4 ./Core/Src/system_stm32f4xx.o
                0x20000004                SystemCoreClock
 .data.uwTickPrio
                0x20000008        0x4 ./Drivers/STM32F4xx_HAL_Driver/Src/stm32f4xx_hal.o
                0x20000008                uwTickPrio
 .data.uwTickFreq
                0x2000000c        0x1 ./Drivers/STM32F4xx_HAL_Driver/Src/stm32f4xx_hal.o
                0x2000000c                uwTickFreq
 *fill*         0x2000000d        0x3 
 .data.CDC_Class
                0x20000010       0x20 ./Middlewares/ST/STM32_USB_Host_Library/Class/CDC/Src/usbh_cdc.o
                0x20000010                CDC_Class
 .data._impure_ptr
                0x20000030        0x4 D:/ST/STM32CubeIDE_1.16.0/STM32CubeIDE/plugins/com.st.stm32cube.ide.mcu.externaltools.gnu-tools-for-stm32.12.3.rel1.win32_1.0.200.202406191623/tools/bin/../lib/gcc/arm-none-eabi/12.3.1/../../../../arm-none-eabi/lib/thumb/v7e-m+fp/hard\libc_nano.a(libc_a-impure.o)
                0x20000030                _impure_ptr
 .data._impure_data
                0x20000034       0x4c D:/ST/STM32CubeIDE_1.16.0/STM32CubeIDE/plugins/com.st.stm32cube.ide.mcu.externaltools.gnu-tools-for-stm32.12.3.rel1.win32_1.0.200.202406191623/tools/bin/../lib/gcc/arm-none-eabi/12.3.1/../../../../arm-none-eabi/lib/thumb/v7e-m+fp/hard\libc_nano.a(libc_a-impure.o)
                0x20000034                _impure_data
 *(.RamFunc)
 *(.RamFunc*)
                0x20000080                        . = ALIGN (0x4)
                0x20000080                        _edata = .
                0x08008ca4                        _siccmram = LOADADDR (.ccmram)

.igot.plt       0x20000080        0x0 load address 0x08008ca4
 .igot.plt      0x20000080        0x0 D:/ST/STM32CubeIDE_1.16.0/STM32CubeIDE/plugins/com.st.stm32cube.ide.mcu.externaltools.gnu-tools-for-stm32.12.3.rel1.win32_1.0.200.202406191623/tools/bin/../lib/gcc/arm-none-eabi/12.3.1/thumb/v7e-m+fp/hard/crtbegin.o

.ccmram         0x10000000        0x0 load address 0x08008ca4
                0x10000000                        . = ALIGN (0x4)
                0x10000000                        _sccmram = .
 *(.ccmram)
 *(.ccmram*)
                0x10000000                        . = ALIGN (0x4)
                0x10000000                        _eccmram = .
                0x10000000                        . = ALIGN (0x4)

.bss            0x20000080      0xa1c
                0x20000080                        _sbss = .
                0x20000080                        __bss_start__ = _sbss
 *(.bss)
 .bss           0x20000080       0x1c D:/ST/STM32CubeIDE_1.16.0/STM32CubeIDE/plugins/com.st.stm32cube.ide.mcu.externaltools.gnu-tools-for-stm32.12.3.rel1.win32_1.0.200.202406191623/tools/bin/../lib/gcc/arm-none-eabi/12.3.1/thumb/v7e-m+fp/hard/crtbegin.o
 *(.bss*)
 .bss.hi2c1     0x2000009c       0x54 ./Core/Src/main.o
                0x2000009c                hi2c1
 .bss.hi2s3     0x200000f0       0x48 ./Core/Src/main.o
                0x200000f0                hi2s3
 .bss.hspi1     0x20000138       0x58 ./Core/Src/main.o
                0x20000138                hspi1
 .bss.__sbrk_heap_end
                0x20000190        0x4 ./Core/Src/sysmem.o
 .bss.uwTick    0x20000194        0x4 ./Drivers/STM32F4xx_HAL_Driver/Src/stm32f4xx_hal.o
                0x20000194                uwTick
 .bss.hUsbHostFS
                0x20000198      0x3d8 ./USB_HOST/App/usb_host.o
                0x20000198                hUsbHostFS
 .bss.Appli_state
                0x20000570        0x1 ./USB_HOST/App/usb_host.o
                0x20000570                Appli_state
 *fill*         0x20000571        0x3 
 .bss.hhcd_USB_OTG_FS
                0x20000574      0x3e0 ./USB_HOST/Target/usbh_conf.o
                0x20000574                hhcd_USB_OTG_FS
 .bss.__malloc_sbrk_start
                0x20000954        0x4 D:/ST/STM32CubeIDE_1.16.0/STM32CubeIDE/plugins/com.st.stm32cube.ide.mcu.externaltools.gnu-tools-for-stm32.12.3.rel1.win32_1.0.200.202406191623/tools/bin/../lib/gcc/arm-none-eabi/12.3.1/../../../../arm-none-eabi/lib/thumb/v7e-m+fp/hard\libc_nano.a(libc_a-mallocr.o)
                0x20000954                __malloc_sbrk_start
 .bss.__malloc_free_list
                0x20000958        0x4 D:/ST/STM32CubeIDE_1.16.0/STM32CubeIDE/plugins/com.st.stm32cube.ide.mcu.externaltools.gnu-tools-for-stm32.12.3.rel1.win32_1.0.200.202406191623/tools/bin/../lib/gcc/arm-none-eabi/12.3.1/../../../../arm-none-eabi/lib/thumb/v7e-m+fp/hard\libc_nano.a(libc_a-mallocr.o)
                0x20000958                __malloc_free_list
 .bss.__sf      0x2000095c      0x138 D:/ST/STM32CubeIDE_1.16.0/STM32CubeIDE/plugins/com.st.stm32cube.ide.mcu.externaltools.gnu-tools-for-stm32.12.3.rel1.win32_1.0.200.202406191623/tools/bin/../lib/gcc/arm-none-eabi/12.3.1/../../../../arm-none-eabi/lib/thumb/v7e-m+fp/hard\libc_nano.a(libc_a-findfp.o)
                0x2000095c                __sf
 .bss.errno     0x20000a94        0x4 D:/ST/STM32CubeIDE_1.16.0/STM32CubeIDE/plugins/com.st.stm32cube.ide.mcu.externaltools.gnu-tools-for-stm32.12.3.rel1.win32_1.0.200.202406191623/tools/bin/../lib/gcc/arm-none-eabi/12.3.1/../../../../arm-none-eabi/lib/thumb/v7e-m+fp/hard\libc_nano.a(libc_a-reent.o)
                0x20000a94                errno
 .bss.__lock___malloc_recursive_mutex
                0x20000a98        0x1 D:/ST/STM32CubeIDE_1.16.0/STM32CubeIDE/plugins/com.st.stm32cube.ide.mcu.externaltools.gnu-tools-for-stm32.12.3.rel1.win32_1.0.200.202406191623/tools/bin/../lib/gcc/arm-none-eabi/12.3.1/../../../../arm-none-eabi/lib/thumb/v7e-m+fp/hard\libc_nano.a(libc_a-lock.o)
                0x20000a98                __lock___malloc_recursive_mutex
 *(COMMON)
                0x20000a9c                        . = ALIGN (0x4)
 *fill*         0x20000a99        0x3 
                0x20000a9c                        _ebss = .
                0x20000a9c                        __bss_end__ = _ebss

._user_heap_stack
                0x20000a9c      0x604
                0x20000aa0                        . = ALIGN (0x8)
 *fill*         0x20000a9c        0x4 
                [!provide]                        PROVIDE (end = .)
                0x20000aa0                        PROVIDE (_end = .)
                0x20000ca0                        . = (. + _Min_Heap_Size)
 *fill*         0x20000aa0      0x200 
                0x200010a0                        . = (. + _Min_Stack_Size)
 *fill*         0x20000ca0      0x400 
                0x200010a0                        . = ALIGN (0x8)

/DISCARD/
 libc.a(*)
 libm.a(*)
 libgcc.a(*)

.ARM.attributes
                0x00000000       0x30
 *(.ARM.attributes)
 .ARM.attributes
                0x00000000       0x22 D:/ST/STM32CubeIDE_1.16.0/STM32CubeIDE/plugins/com.st.stm32cube.ide.mcu.externaltools.gnu-tools-for-stm32.12.3.rel1.win32_1.0.200.202406191623/tools/bin/../lib/gcc/arm-none-eabi/12.3.1/thumb/v7e-m+fp/hard/crti.o
 .ARM.attributes
                0x00000022       0x34 D:/ST/STM32CubeIDE_1.16.0/STM32CubeIDE/plugins/com.st.stm32cube.ide.mcu.externaltools.gnu-tools-for-stm32.12.3.rel1.win32_1.0.200.202406191623/tools/bin/../lib/gcc/arm-none-eabi/12.3.1/thumb/v7e-m+fp/hard/crtbegin.o
 .ARM.attributes
                0x00000056       0x34 ./Core/Src/main.o
 .ARM.attributes
                0x0000008a       0x34 ./Core/Src/stm32f4xx_hal_msp.o
 .ARM.attributes
                0x000000be       0x34 ./Core/Src/stm32f4xx_it.o
 .ARM.attributes
                0x000000f2       0x34 ./Core/Src/sysmem.o
 .ARM.attributes
                0x00000126       0x34 ./Core/Src/system_stm32f4xx.o
 .ARM.attributes
                0x0000015a       0x21 ./Core/Startup/startup_stm32f407vgtx.o
 .ARM.attributes
                0x0000017b       0x34 ./Drivers/STM32F4xx_HAL_Driver/Src/stm32f4xx_hal.o
 .ARM.attributes
                0x000001af       0x34 ./Drivers/STM32F4xx_HAL_Driver/Src/stm32f4xx_hal_cortex.o
 .ARM.attributes
                0x000001e3       0x34 ./Drivers/STM32F4xx_HAL_Driver/Src/stm32f4xx_hal_gpio.o
 .ARM.attributes
                0x00000217       0x34 ./Drivers/STM32F4xx_HAL_Driver/Src/stm32f4xx_hal_hcd.o
 .ARM.attributes
                0x0000024b       0x34 ./Drivers/STM32F4xx_HAL_Driver/Src/stm32f4xx_hal_i2c.o
 .ARM.attributes
                0x0000027f       0x34 ./Drivers/STM32F4xx_HAL_Driver/Src/stm32f4xx_hal_i2s.o
 .ARM.attributes
                0x000002b3       0x34 ./Drivers/STM32F4xx_HAL_Driver/Src/stm32f4xx_hal_i2s_ex.o
 .ARM.attributes
                0x000002e7       0x34 ./Drivers/STM32F4xx_HAL_Driver/Src/stm32f4xx_hal_rcc.o
 .ARM.attributes
                0x0000031b       0x34 ./Drivers/STM32F4xx_HAL_Driver/Src/stm32f4xx_hal_rcc_ex.o
 .ARM.attributes
                0x0000034f       0x34 ./Drivers/STM32F4xx_HAL_Driver/Src/stm32f4xx_hal_spi.o
 .ARM.attributes
                0x00000383       0x34 ./Drivers/STM32F4xx_HAL_Driver/Src/stm32f4xx_ll_usb.o
 .ARM.attributes
                0x000003b7       0x34 ./Middlewares/ST/STM32_USB_Host_Library/Class/CDC/Src/usbh_cdc.o
 .ARM.attributes
                0x000003eb       0x34 ./Middlewares/ST/STM32_USB_Host_Library/Core/Src/usbh_core.o
 .ARM.attributes
                0x0000041f       0x34 ./Middlewares/ST/STM32_USB_Host_Library/Core/Src/usbh_ctlreq.o
 .ARM.attributes
                0x00000453       0x34 ./Middlewares/ST/STM32_USB_Host_Library/Core/Src/usbh_ioreq.o
 .ARM.attributes
                0x00000487       0x34 ./Middlewares/ST/STM32_USB_Host_Library/Core/Src/usbh_pipes.o
 .ARM.attributes
                0x000004bb       0x34 ./USB_HOST/App/usb_host.o
 .ARM.attributes
                0x000004ef       0x34 ./USB_HOST/Target/usbh_conf.o
 .ARM.attributes
                0x00000523       0x34 ./USB_HOST/Target/usbh_platform.o
 .ARM.attributes
                0x00000557       0x34 D:/ST/STM32CubeIDE_1.16.0/STM32CubeIDE/plugins/com.st.stm32cube.ide.mcu.externaltools.gnu-tools-for-stm32.12.3.rel1.win32_1.0.200.202406191623/tools/bin/../lib/gcc/arm-none-eabi/12.3.1/../../../../arm-none-eabi/lib/thumb/v7e-m+fp/hard\libc_nano.a(libc_a-malloc.o)
 .ARM.attributes
                0x0000058b       0x34 D:/ST/STM32CubeIDE_1.16.0/STM32CubeIDE/plugins/com.st.stm32cube.ide.mcu.externaltools.gnu-tools-for-stm32.12.3.rel1.win32_1.0.200.202406191623/tools/bin/../lib/gcc/arm-none-eabi/12.3.1/../../../../arm-none-eabi/lib/thumb/v7e-m+fp/hard\libc_nano.a(libc_a-mallocr.o)
 .ARM.attributes
                0x000005bf       0x34 D:/ST/STM32CubeIDE_1.16.0/STM32CubeIDE/plugins/com.st.stm32cube.ide.mcu.externaltools.gnu-tools-for-stm32.12.3.rel1.win32_1.0.200.202406191623/tools/bin/../lib/gcc/arm-none-eabi/12.3.1/../../../../arm-none-eabi/lib/thumb/v7e-m+fp/hard\libc_nano.a(libc_a-mlock.o)
 .ARM.attributes
                0x000005f3       0x34 D:/ST/STM32CubeIDE_1.16.0/STM32CubeIDE/plugins/com.st.stm32cube.ide.mcu.externaltools.gnu-tools-for-stm32.12.3.rel1.win32_1.0.200.202406191623/tools/bin/../lib/gcc/arm-none-eabi/12.3.1/../../../../arm-none-eabi/lib/thumb/v7e-m+fp/hard\libc_nano.a(libc_a-findfp.o)
 .ARM.attributes
                0x00000627       0x34 D:/ST/STM32CubeIDE_1.16.0/STM32CubeIDE/plugins/com.st.stm32cube.ide.mcu.externaltools.gnu-tools-for-stm32.12.3.rel1.win32_1.0.200.202406191623/tools/bin/../lib/gcc/arm-none-eabi/12.3.1/../../../../arm-none-eabi/lib/thumb/v7e-m+fp/hard\libc_nano.a(libc_a-memset.o)
 .ARM.attributes
                0x0000065b       0x34 D:/ST/STM32CubeIDE_1.16.0/STM32CubeIDE/plugins/com.st.stm32cube.ide.mcu.externaltools.gnu-tools-for-stm32.12.3.rel1.win32_1.0.200.202406191623/tools/bin/../lib/gcc/arm-none-eabi/12.3.1/../../../../arm-none-eabi/lib/thumb/v7e-m+fp/hard\libc_nano.a(libc_a-reent.o)
 .ARM.attributes
                0x0000068f       0x34 D:/ST/STM32CubeIDE_1.16.0/STM32CubeIDE/plugins/com.st.stm32cube.ide.mcu.externaltools.gnu-tools-for-stm32.12.3.rel1.win32_1.0.200.202406191623/tools/bin/../lib/gcc/arm-none-eabi/12.3.1/../../../../arm-none-eabi/lib/thumb/v7e-m+fp/hard\libc_nano.a(libc_a-impure.o)
 .ARM.attributes
                0x000006c3       0x34 D:/ST/STM32CubeIDE_1.16.0/STM32CubeIDE/plugins/com.st.stm32cube.ide.mcu.externaltools.gnu-tools-for-stm32.12.3.rel1.win32_1.0.200.202406191623/tools/bin/../lib/gcc/arm-none-eabi/12.3.1/../../../../arm-none-eabi/lib/thumb/v7e-m+fp/hard\libc_nano.a(libc_a-sbrkr.o)
 .ARM.attributes
                0x000006f7       0x34 D:/ST/STM32CubeIDE_1.16.0/STM32CubeIDE/plugins/com.st.stm32cube.ide.mcu.externaltools.gnu-tools-for-stm32.12.3.rel1.win32_1.0.200.202406191623/tools/bin/../lib/gcc/arm-none-eabi/12.3.1/../../../../arm-none-eabi/lib/thumb/v7e-m+fp/hard\libc_nano.a(libc_a-errno.o)
 .ARM.attributes
                0x0000072b       0x34 D:/ST/STM32CubeIDE_1.16.0/STM32CubeIDE/plugins/com.st.stm32cube.ide.mcu.externaltools.gnu-tools-for-stm32.12.3.rel1.win32_1.0.200.202406191623/tools/bin/../lib/gcc/arm-none-eabi/12.3.1/../../../../arm-none-eabi/lib/thumb/v7e-m+fp/hard\libc_nano.a(libc_a-init.o)
 .ARM.attributes
                0x0000075f       0x34 D:/ST/STM32CubeIDE_1.16.0/STM32CubeIDE/plugins/com.st.stm32cube.ide.mcu.externaltools.gnu-tools-for-stm32.12.3.rel1.win32_1.0.200.202406191623/tools/bin/../lib/gcc/arm-none-eabi/12.3.1/../../../../arm-none-eabi/lib/thumb/v7e-m+fp/hard\libc_nano.a(libc_a-lock.o)
 .ARM.attributes
                0x00000793       0x34 D:/ST/STM32CubeIDE_1.16.0/STM32CubeIDE/plugins/com.st.stm32cube.ide.mcu.externaltools.gnu-tools-for-stm32.12.3.rel1.win32_1.0.200.202406191623/tools/bin/../lib/gcc/arm-none-eabi/12.3.1/../../../../arm-none-eabi/lib/thumb/v7e-m+fp/hard\libc_nano.a(libc_a-freer.o)
 .ARM.attributes
                0x000007c7       0x22 D:/ST/STM32CubeIDE_1.16.0/STM32CubeIDE/plugins/com.st.stm32cube.ide.mcu.externaltools.gnu-tools-for-stm32.12.3.rel1.win32_1.0.200.202406191623/tools/bin/../lib/gcc/arm-none-eabi/12.3.1/thumb/v7e-m+fp/hard\libgcc.a(_aeabi_uldivmod.o)
 .ARM.attributes
                0x000007e9       0x34 D:/ST/STM32CubeIDE_1.16.0/STM32CubeIDE/plugins/com.st.stm32cube.ide.mcu.externaltools.gnu-tools-for-stm32.12.3.rel1.win32_1.0.200.202406191623/tools/bin/../lib/gcc/arm-none-eabi/12.3.1/thumb/v7e-m+fp/hard\libgcc.a(_udivmoddi4.o)
 .ARM.attributes
                0x0000081d       0x22 D:/ST/STM32CubeIDE_1.16.0/STM32CubeIDE/plugins/com.st.stm32cube.ide.mcu.externaltools.gnu-tools-for-stm32.12.3.rel1.win32_1.0.200.202406191623/tools/bin/../lib/gcc/arm-none-eabi/12.3.1/thumb/v7e-m+fp/hard\libgcc.a(_dvmd_tls.o)
 .ARM.attributes
                0x0000083f       0x22 D:/ST/STM32CubeIDE_1.16.0/STM32CubeIDE/plugins/com.st.stm32cube.ide.mcu.externaltools.gnu-tools-for-stm32.12.3.rel1.win32_1.0.200.202406191623/tools/bin/../lib/gcc/arm-none-eabi/12.3.1/thumb/v7e-m+fp/hard/crtn.o
OUTPUT(karasimsek.elf elf32-littlearm)
LOAD linker stubs
LOAD D:/ST/STM32CubeIDE_1.16.0/STM32CubeIDE/plugins/com.st.stm32cube.ide.mcu.externaltools.gnu-tools-for-stm32.12.3.rel1.win32_1.0.200.202406191623/tools/bin/../lib/gcc/arm-none-eabi/12.3.1/../../../../arm-none-eabi/lib/thumb/v7e-m+fp/hard\libc.a
LOAD D:/ST/STM32CubeIDE_1.16.0/STM32CubeIDE/plugins/com.st.stm32cube.ide.mcu.externaltools.gnu-tools-for-stm32.12.3.rel1.win32_1.0.200.202406191623/tools/bin/../lib/gcc/arm-none-eabi/12.3.1/../../../../arm-none-eabi/lib/thumb/v7e-m+fp/hard\libm.a
LOAD D:/ST/STM32CubeIDE_1.16.0/STM32CubeIDE/plugins/com.st.stm32cube.ide.mcu.externaltools.gnu-tools-for-stm32.12.3.rel1.win32_1.0.200.202406191623/tools/bin/../lib/gcc/arm-none-eabi/12.3.1/thumb/v7e-m+fp/hard\libgcc.a

.debug_info     0x00000000    0x14a8d
 .debug_info    0x00000000     0x10fb ./Core/Src/main.o
 .debug_info    0x000010fb      0xfd9 ./Core/Src/stm32f4xx_hal_msp.o
 .debug_info    0x000020d4      0x6a5 ./Core/Src/stm32f4xx_it.o
 .debug_info    0x00002779      0x168 ./Core/Src/sysmem.o
 .debug_info    0x000028e1      0x512 ./Core/Src/system_stm32f4xx.o
 .debug_info    0x00002df3       0x30 ./Core/Startup/startup_stm32f407vgtx.o
 .debug_info    0x00002e23      0x944 ./Drivers/STM32F4xx_HAL_Driver/Src/stm32f4xx_hal.o
 .debug_info    0x00003767      0xd57 ./Drivers/STM32F4xx_HAL_Driver/Src/stm32f4xx_hal_cortex.o
 .debug_info    0x000044be      0x6c3 ./Drivers/STM32F4xx_HAL_Driver/Src/stm32f4xx_hal_gpio.o
 .debug_info    0x00004b81     0x114c ./Drivers/STM32F4xx_HAL_Driver/Src/stm32f4xx_hal_hcd.o
 .debug_info    0x00005ccd     0x2415 ./Drivers/STM32F4xx_HAL_Driver/Src/stm32f4xx_hal_i2c.o
 .debug_info    0x000080e2      0xdf8 ./Drivers/STM32F4xx_HAL_Driver/Src/stm32f4xx_hal_i2s.o
 .debug_info    0x00008eda      0xaeb ./Drivers/STM32F4xx_HAL_Driver/Src/stm32f4xx_hal_i2s_ex.o
 .debug_info    0x000099c5      0x8b1 ./Drivers/STM32F4xx_HAL_Driver/Src/stm32f4xx_hal_rcc.o
 .debug_info    0x0000a276      0x53a ./Drivers/STM32F4xx_HAL_Driver/Src/stm32f4xx_hal_rcc_ex.o
 .debug_info    0x0000a7b0     0x15fb ./Drivers/STM32F4xx_HAL_Driver/Src/stm32f4xx_hal_spi.o
 .debug_info    0x0000bdab     0x1993 ./Drivers/STM32F4xx_HAL_Driver/Src/stm32f4xx_ll_usb.o
 .debug_info    0x0000d73e     0x1470 ./Middlewares/ST/STM32_USB_Host_Library/Class/CDC/Src/usbh_cdc.o
 .debug_info    0x0000ebae      0xfb2 ./Middlewares/ST/STM32_USB_Host_Library/Core/Src/usbh_core.o
 .debug_info    0x0000fb60      0xfa6 ./Middlewares/ST/STM32_USB_Host_Library/Core/Src/usbh_ctlreq.o
 .debug_info    0x00010b06      0xc2b ./Middlewares/ST/STM32_USB_Host_Library/Core/Src/usbh_ioreq.o
 .debug_info    0x00011731      0xa8e ./Middlewares/ST/STM32_USB_Host_Library/Core/Src/usbh_pipes.o
 .debug_info    0x000121bf      0xa10 ./USB_HOST/App/usb_host.o
 .debug_info    0x00012bcf     0x1ce6 ./USB_HOST/Target/usbh_conf.o
 .debug_info    0x000148b5      0x1d8 ./USB_HOST/Target/usbh_platform.o

.debug_abbrev   0x00000000     0x3890
 .debug_abbrev  0x00000000      0x296 ./Core/Src/main.o
 .debug_abbrev  0x00000296      0x220 ./Core/Src/stm32f4xx_hal_msp.o
 .debug_abbrev  0x000004b6      0x1a4 ./Core/Src/stm32f4xx_it.o
 .debug_abbrev  0x0000065a       0xbc ./Core/Src/sysmem.o
 .debug_abbrev  0x00000716      0x11a ./Core/Src/system_stm32f4xx.o
 .debug_abbrev  0x00000830       0x24 ./Core/Startup/startup_stm32f407vgtx.o
 .debug_abbrev  0x00000854      0x214 ./Drivers/STM32F4xx_HAL_Driver/Src/stm32f4xx_hal.o
 .debug_abbrev  0x00000a68      0x328 ./Drivers/STM32F4xx_HAL_Driver/Src/stm32f4xx_hal_cortex.o
 .debug_abbrev  0x00000d90      0x1d4 ./Drivers/STM32F4xx_HAL_Driver/Src/stm32f4xx_hal_gpio.o
 .debug_abbrev  0x00000f64      0x296 ./Drivers/STM32F4xx_HAL_Driver/Src/stm32f4xx_hal_hcd.o
 .debug_abbrev  0x000011fa      0x2ad ./Drivers/STM32F4xx_HAL_Driver/Src/stm32f4xx_hal_i2c.o
 .debug_abbrev  0x000014a7      0x256 ./Drivers/STM32F4xx_HAL_Driver/Src/stm32f4xx_hal_i2s.o
 .debug_abbrev  0x000016fd      0x288 ./Drivers/STM32F4xx_HAL_Driver/Src/stm32f4xx_hal_i2s_ex.o
 .debug_abbrev  0x00001985      0x2b6 ./Drivers/STM32F4xx_HAL_Driver/Src/stm32f4xx_hal_rcc.o
 .debug_abbrev  0x00001c3b      0x1af ./Drivers/STM32F4xx_HAL_Driver/Src/stm32f4xx_hal_rcc_ex.o
 .debug_abbrev  0x00001dea      0x284 ./Drivers/STM32F4xx_HAL_Driver/Src/stm32f4xx_hal_spi.o
 .debug_abbrev  0x0000206e      0x2b3 ./Drivers/STM32F4xx_HAL_Driver/Src/stm32f4xx_ll_usb.o
 .debug_abbrev  0x00002321      0x33c ./Middlewares/ST/STM32_USB_Host_Library/Class/CDC/Src/usbh_cdc.o
 .debug_abbrev  0x0000265d      0x32a ./Middlewares/ST/STM32_USB_Host_Library/Core/Src/usbh_core.o
 .debug_abbrev  0x00002987      0x2ff ./Middlewares/ST/STM32_USB_Host_Library/Core/Src/usbh_ctlreq.o
 .debug_abbrev  0x00002c86      0x245 ./Middlewares/ST/STM32_USB_Host_Library/Core/Src/usbh_ioreq.o
 .debug_abbrev  0x00002ecb      0x281 ./Middlewares/ST/STM32_USB_Host_Library/Core/Src/usbh_pipes.o
 .debug_abbrev  0x0000314c      0x26e ./USB_HOST/App/usb_host.o
 .debug_abbrev  0x000033ba      0x3c2 ./USB_HOST/Target/usbh_conf.o
 .debug_abbrev  0x0000377c      0x114 ./USB_HOST/Target/usbh_platform.o

.debug_aranges  0x00000000     0x1130
 .debug_aranges
                0x00000000       0x50 ./Core/Src/main.o
 .debug_aranges
                0x00000050       0x50 ./Core/Src/stm32f4xx_hal_msp.o
 .debug_aranges
                0x000000a0       0x68 ./Core/Src/stm32f4xx_it.o
 .debug_aranges
                0x00000108       0x20 ./Core/Src/sysmem.o
 .debug_aranges
                0x00000128       0x28 ./Core/Src/system_stm32f4xx.o
 .debug_aranges
                0x00000150       0x28 ./Core/Startup/startup_stm32f407vgtx.o
 .debug_aranges
                0x00000178       0xf0 ./Drivers/STM32F4xx_HAL_Driver/Src/stm32f4xx_hal.o
 .debug_aranges
                0x00000268      0x120 ./Drivers/STM32F4xx_HAL_Driver/Src/stm32f4xx_hal_cortex.o
 .debug_aranges
                0x00000388       0x58 ./Drivers/STM32F4xx_HAL_Driver/Src/stm32f4xx_hal_gpio.o
 .debug_aranges
                0x000003e0      0x108 ./Drivers/STM32F4xx_HAL_Driver/Src/stm32f4xx_hal_hcd.o
 .debug_aranges
                0x000004e8      0x2a8 ./Drivers/STM32F4xx_HAL_Driver/Src/stm32f4xx_hal_i2c.o
 .debug_aranges
                0x00000790      0x108 ./Drivers/STM32F4xx_HAL_Driver/Src/stm32f4xx_hal_i2s.o
 .debug_aranges
                0x00000898       0x88 ./Drivers/STM32F4xx_HAL_Driver/Src/stm32f4xx_hal_i2s_ex.o
 .debug_aranges
                0x00000920       0x88 ./Drivers/STM32F4xx_HAL_Driver/Src/stm32f4xx_hal_rcc.o
 .debug_aranges
                0x000009a8       0x48 ./Drivers/STM32F4xx_HAL_Driver/Src/stm32f4xx_hal_rcc_ex.o
 .debug_aranges
                0x000009f0      0x1d0 ./Drivers/STM32F4xx_HAL_Driver/Src/stm32f4xx_hal_spi.o
 .debug_aranges
                0x00000bc0      0x1a0 ./Drivers/STM32F4xx_HAL_Driver/Src/stm32f4xx_ll_usb.o
 .debug_aranges
                0x00000d60       0xa8 ./Middlewares/ST/STM32_USB_Host_Library/Class/CDC/Src/usbh_cdc.o
 .debug_aranges
                0x00000e08       0xc0 ./Middlewares/ST/STM32_USB_Host_Library/Core/Src/usbh_core.o
 .debug_aranges
                0x00000ec8       0xa0 ./Middlewares/ST/STM32_USB_Host_Library/Core/Src/usbh_ctlreq.o
 .debug_aranges
                0x00000f68       0x60 ./Middlewares/ST/STM32_USB_Host_Library/Core/Src/usbh_ioreq.o
 .debug_aranges
                0x00000fc8       0x40 ./Middlewares/ST/STM32_USB_Host_Library/Core/Src/usbh_pipes.o
 .debug_aranges
                0x00001008       0x30 ./USB_HOST/App/usb_host.o
 .debug_aranges
                0x00001038       0xd8 ./USB_HOST/Target/usbh_conf.o
 .debug_aranges
                0x00001110       0x20 ./USB_HOST/Target/usbh_platform.o

.debug_rnglists
                0x00000000      0xd14
 .debug_rnglists
                0x00000000       0x3a ./Core/Src/main.o
 .debug_rnglists
                0x0000003a       0x3a ./Core/Src/stm32f4xx_hal_msp.o
 .debug_rnglists
                0x00000074       0x49 ./Core/Src/stm32f4xx_it.o
 .debug_rnglists
                0x000000bd       0x13 ./Core/Src/sysmem.o
 .debug_rnglists
                0x000000d0       0x1a ./Core/Src/system_stm32f4xx.o
 .debug_rnglists
                0x000000ea       0x19 ./Core/Startup/startup_stm32f407vgtx.o
 .debug_rnglists
                0x00000103       0xaf ./Drivers/STM32F4xx_HAL_Driver/Src/stm32f4xx_hal.o
 .debug_rnglists
                0x000001b2       0xd4 ./Drivers/STM32F4xx_HAL_Driver/Src/stm32f4xx_hal_cortex.o
 .debug_rnglists
                0x00000286       0x3f ./Drivers/STM32F4xx_HAL_Driver/Src/stm32f4xx_hal_gpio.o
 .debug_rnglists
                0x000002c5       0xca ./Drivers/STM32F4xx_HAL_Driver/Src/stm32f4xx_hal_hcd.o
 .debug_rnglists
                0x0000038f      0x23c ./Drivers/STM32F4xx_HAL_Driver/Src/stm32f4xx_hal_i2c.o
 .debug_rnglists
                0x000005cb       0xcc ./Drivers/STM32F4xx_HAL_Driver/Src/stm32f4xx_hal_i2s.o
 .debug_rnglists
                0x00000697       0x6a ./Drivers/STM32F4xx_HAL_Driver/Src/stm32f4xx_hal_i2s_ex.o
 .debug_rnglists
                0x00000701       0x66 ./Drivers/STM32F4xx_HAL_Driver/Src/stm32f4xx_hal_rcc.o
 .debug_rnglists
                0x00000767       0x35 ./Drivers/STM32F4xx_HAL_Driver/Src/stm32f4xx_hal_rcc_ex.o
 .debug_rnglists
                0x0000079c      0x16f ./Drivers/STM32F4xx_HAL_Driver/Src/stm32f4xx_hal_spi.o
 .debug_rnglists
                0x0000090b      0x147 ./Drivers/STM32F4xx_HAL_Driver/Src/stm32f4xx_ll_usb.o
 .debug_rnglists
                0x00000a52       0x7e ./Middlewares/ST/STM32_USB_Host_Library/Class/CDC/Src/usbh_cdc.o
 .debug_rnglists
                0x00000ad0       0x8f ./Middlewares/ST/STM32_USB_Host_Library/Core/Src/usbh_core.o
 .debug_rnglists
                0x00000b5f       0x77 ./Middlewares/ST/STM32_USB_Host_Library/Core/Src/usbh_ctlreq.o
 .debug_rnglists
                0x00000bd6       0x43 ./Middlewares/ST/STM32_USB_Host_Library/Core/Src/usbh_ioreq.o
 .debug_rnglists
                0x00000c19       0x2b ./Middlewares/ST/STM32_USB_Host_Library/Core/Src/usbh_pipes.o
 .debug_rnglists
                0x00000c44       0x1f ./USB_HOST/App/usb_host.o
 .debug_rnglists
                0x00000c63       0x9e ./USB_HOST/Target/usbh_conf.o
 .debug_rnglists
                0x00000d01       0x13 ./USB_HOST/Target/usbh_platform.o

.debug_macro    0x00000000    0x23416
 .debug_macro   0x00000000      0x21f ./Core/Src/main.o
 .debug_macro   0x0000021f      0xab4 ./Core/Src/main.o
 .debug_macro   0x00000cd3      0x2a7 ./Core/Src/main.o
 .debug_macro   0x00000f7a       0x2e ./Core/Src/main.o
 .debug_macro   0x00000fa8       0x2f ./Core/Src/main.o
 .debug_macro   0x00000fd7       0x22 ./Core/Src/main.o
 .debug_macro   0x00000ff9       0x8e ./Core/Src/main.o
 .debug_macro   0x00001087       0x51 ./Core/Src/main.o
 .debug_macro   0x000010d8      0x103 ./Core/Src/main.o
 .debug_macro   0x000011db       0x6a ./Core/Src/main.o
 .debug_macro   0x00001245      0x1df ./Core/Src/main.o
 .debug_macro   0x00001424       0x1c ./Core/Src/main.o
 .debug_macro   0x00001440       0x22 ./Core/Src/main.o
 .debug_macro   0x00001462       0xfb ./Core/Src/main.o
 .debug_macro   0x0000155d     0x1011 ./Core/Src/main.o
 .debug_macro   0x0000256e      0x11f ./Core/Src/main.o
 .debug_macro   0x0000268d    0x15e97 ./Core/Src/main.o
 .debug_macro   0x00018524       0x6d ./Core/Src/main.o
 .debug_macro   0x00018591     0x368c ./Core/Src/main.o
 .debug_macro   0x0001bc1d      0x189 ./Core/Src/main.o
 .debug_macro   0x0001bda6       0x5c ./Core/Src/main.o
 .debug_macro   0x0001be02      0x980 ./Core/Src/main.o
 .debug_macro   0x0001c782      0x9e9 ./Core/Src/main.o
 .debug_macro   0x0001d16b      0x115 ./Core/Src/main.o
 .debug_macro   0x0001d280      0x13e ./Core/Src/main.o
 .debug_macro   0x0001d3be       0xa5 ./Core/Src/main.o
 .debug_macro   0x0001d463      0x174 ./Core/Src/main.o
 .debug_macro   0x0001d5d7      0x287 ./Core/Src/main.o
 .debug_macro   0x0001d85e       0x5f ./Core/Src/main.o
 .debug_macro   0x0001d8bd      0x236 ./Core/Src/main.o
 .debug_macro   0x0001daf3      0x12c ./Core/Src/main.o
 .debug_macro   0x0001dc1f      0x21e ./Core/Src/main.o
 .debug_macro   0x0001de3d       0x2e ./Core/Src/main.o
 .debug_macro   0x0001de6b      0x1b5 ./Core/Src/main.o
 .debug_macro   0x0001e020       0xd6 ./Core/Src/main.o
 .debug_macro   0x0001e0f6      0x1a7 ./Core/Src/main.o
 .debug_macro   0x0001e29d       0x46 ./Core/Src/main.o
 .debug_macro   0x0001e2e3       0x4a ./Core/Src/main.o
 .debug_macro   0x0001e32d      0x127 ./Core/Src/main.o
 .debug_macro   0x0001e454       0x7e ./Core/Src/main.o
 .debug_macro   0x0001e4d2       0x89 ./Core/Src/main.o
 .debug_macro   0x0001e55b      0x225 ./Core/Src/main.o
 .debug_macro   0x0001e780      0x293 ./Core/Src/main.o
 .debug_macro   0x0001ea13       0x98 ./Core/Src/main.o
 .debug_macro   0x0001eaab      0x12d ./Core/Src/main.o
 .debug_macro   0x0001ebd8      0x190 ./Core/Src/main.o
 .debug_macro   0x0001ed68      0x215 ./Core/Src/stm32f4xx_hal_msp.o
 .debug_macro   0x0001ef7d      0x21f ./Core/Src/stm32f4xx_it.o
 .debug_macro   0x0001f19c       0xff ./Core/Src/sysmem.o
 .debug_macro   0x0001f29b      0x23c ./Core/Src/sysmem.o
 .debug_macro   0x0001f4d7      0x206 ./Core/Src/system_stm32f4xx.o
 .debug_macro   0x0001f6dd      0x266 ./Drivers/STM32F4xx_HAL_Driver/Src/stm32f4xx_hal.o
 .debug_macro   0x0001f943      0x206 ./Drivers/STM32F4xx_HAL_Driver/Src/stm32f4xx_hal_cortex.o
 .debug_macro   0x0001fb49      0x20c ./Drivers/STM32F4xx_HAL_Driver/Src/stm32f4xx_hal_gpio.o
 .debug_macro   0x0001fd55      0x206 ./Drivers/STM32F4xx_HAL_Driver/Src/stm32f4xx_hal_hcd.o
 .debug_macro   0x0001ff5b      0x254 ./Drivers/STM32F4xx_HAL_Driver/Src/stm32f4xx_hal_i2c.o
 .debug_macro   0x000201af      0x20e ./Drivers/STM32F4xx_HAL_Driver/Src/stm32f4xx_hal_i2s.o
 .debug_macro   0x000203bd      0x206 ./Drivers/STM32F4xx_HAL_Driver/Src/stm32f4xx_hal_i2s_ex.o
 .debug_macro   0x000205c3      0x22a ./Drivers/STM32F4xx_HAL_Driver/Src/stm32f4xx_hal_rcc.o
 .debug_macro   0x000207ed      0x206 ./Drivers/STM32F4xx_HAL_Driver/Src/stm32f4xx_hal_rcc_ex.o
 .debug_macro   0x000209f3      0x215 ./Drivers/STM32F4xx_HAL_Driver/Src/stm32f4xx_hal_spi.o
 .debug_macro   0x00020c08      0x206 ./Drivers/STM32F4xx_HAL_Driver/Src/stm32f4xx_ll_usb.o
 .debug_macro   0x00020e0e      0x3ad ./Middlewares/ST/STM32_USB_Host_Library/Class/CDC/Src/usbh_cdc.o
 .debug_macro   0x000211bb       0x16 ./Middlewares/ST/STM32_USB_Host_Library/Class/CDC/Src/usbh_cdc.o
 .debug_macro   0x000211d1       0x9e ./Middlewares/ST/STM32_USB_Host_Library/Class/CDC/Src/usbh_cdc.o
 .debug_macro   0x0002126f      0x10b ./Middlewares/ST/STM32_USB_Host_Library/Class/CDC/Src/usbh_cdc.o
 .debug_macro   0x0002137a       0x16 ./Middlewares/ST/STM32_USB_Host_Library/Class/CDC/Src/usbh_cdc.o
 .debug_macro   0x00021390       0x16 ./Middlewares/ST/STM32_USB_Host_Library/Class/CDC/Src/usbh_cdc.o
 .debug_macro   0x000213a6       0x20 ./Middlewares/ST/STM32_USB_Host_Library/Class/CDC/Src/usbh_cdc.o
 .debug_macro   0x000213c6       0x56 ./Middlewares/ST/STM32_USB_Host_Library/Class/CDC/Src/usbh_cdc.o
 .debug_macro   0x0002141c       0x73 ./Middlewares/ST/STM32_USB_Host_Library/Class/CDC/Src/usbh_cdc.o
 .debug_macro   0x0002148f      0x233 ./Middlewares/ST/STM32_USB_Host_Library/Class/CDC/Src/usbh_cdc.o
 .debug_macro   0x000216c2       0x2e ./Middlewares/ST/STM32_USB_Host_Library/Class/CDC/Src/usbh_cdc.o
 .debug_macro   0x000216f0       0x2e ./Middlewares/ST/STM32_USB_Host_Library/Class/CDC/Src/usbh_cdc.o
 .debug_macro   0x0002171e       0x28 ./Middlewares/ST/STM32_USB_Host_Library/Class/CDC/Src/usbh_cdc.o
 .debug_macro   0x00021746      0x15b ./Middlewares/ST/STM32_USB_Host_Library/Class/CDC/Src/usbh_cdc.o
 .debug_macro   0x000218a1      0x3aa ./Middlewares/ST/STM32_USB_Host_Library/Core/Src/usbh_core.o
 .debug_macro   0x00021c4b      0x3a2 ./Middlewares/ST/STM32_USB_Host_Library/Core/Src/usbh_ctlreq.o
 .debug_macro   0x00021fed       0x28 ./Middlewares/ST/STM32_USB_Host_Library/Core/Src/usbh_ctlreq.o
 .debug_macro   0x00022015      0x39c ./Middlewares/ST/STM32_USB_Host_Library/Core/Src/usbh_ioreq.o
 .debug_macro   0x000223b1      0x39c ./Middlewares/ST/STM32_USB_Host_Library/Core/Src/usbh_pipes.o
 .debug_macro   0x0002274d      0x3ab ./USB_HOST/App/usb_host.o
 .debug_macro   0x00022af8       0x61 ./USB_HOST/App/usb_host.o
 .debug_macro   0x00022b59      0x196 ./USB_HOST/App/usb_host.o
 .debug_macro   0x00022cef      0x161 ./USB_HOST/App/usb_host.o
 .debug_macro   0x00022e50      0x3ac ./USB_HOST/Target/usbh_conf.o
 .debug_macro   0x000231fc      0x21a ./USB_HOST/Target/usbh_platform.o

.debug_line     0x00000000    0x1849d
 .debug_line    0x00000000      0x9b0 ./Core/Src/main.o
 .debug_line    0x000009b0      0x8bc ./Core/Src/stm32f4xx_hal_msp.o
 .debug_line    0x0000126c      0x886 ./Core/Src/stm32f4xx_it.o
 .debug_line    0x00001af2      0x583 ./Core/Src/sysmem.o
 .debug_line    0x00002075      0x830 ./Core/Src/system_stm32f4xx.o
 .debug_line    0x000028a5       0x7a ./Core/Startup/startup_stm32f407vgtx.o
 .debug_line    0x0000291f      0xa99 ./Drivers/STM32F4xx_HAL_Driver/Src/stm32f4xx_hal.o
 .debug_line    0x000033b8      0xd61 ./Drivers/STM32F4xx_HAL_Driver/Src/stm32f4xx_hal_cortex.o
 .debug_line    0x00004119      0xc25 ./Drivers/STM32F4xx_HAL_Driver/Src/stm32f4xx_hal_gpio.o
 .debug_line    0x00004d3e     0x154c ./Drivers/STM32F4xx_HAL_Driver/Src/stm32f4xx_hal_hcd.o
 .debug_line    0x0000628a     0x3bdf ./Drivers/STM32F4xx_HAL_Driver/Src/stm32f4xx_hal_i2c.o
 .debug_line    0x00009e69     0x142b ./Drivers/STM32F4xx_HAL_Driver/Src/stm32f4xx_hal_i2s.o
 .debug_line    0x0000b294     0x152b ./Drivers/STM32F4xx_HAL_Driver/Src/stm32f4xx_hal_i2s_ex.o
 .debug_line    0x0000c7bf      0xe0c ./Drivers/STM32F4xx_HAL_Driver/Src/stm32f4xx_hal_rcc.o
 .debug_line    0x0000d5cb      0xaaf ./Drivers/STM32F4xx_HAL_Driver/Src/stm32f4xx_hal_rcc_ex.o
 .debug_line    0x0000e07a     0x1d94 ./Drivers/STM32F4xx_HAL_Driver/Src/stm32f4xx_hal_spi.o
 .debug_line    0x0000fe0e     0x1e68 ./Drivers/STM32F4xx_HAL_Driver/Src/stm32f4xx_ll_usb.o
 .debug_line    0x00011c76      0xf3a ./Middlewares/ST/STM32_USB_Host_Library/Class/CDC/Src/usbh_cdc.o
 .debug_line    0x00012bb0     0x11cb ./Middlewares/ST/STM32_USB_Host_Library/Core/Src/usbh_core.o
 .debug_line    0x00013d7b     0x1167 ./Middlewares/ST/STM32_USB_Host_Library/Core/Src/usbh_ctlreq.o
 .debug_line    0x00014ee2      0xb0c ./Middlewares/ST/STM32_USB_Host_Library/Core/Src/usbh_ioreq.o
 .debug_line    0x000159ee      0xab9 ./Middlewares/ST/STM32_USB_Host_Library/Core/Src/usbh_pipes.o
 .debug_line    0x000164a7      0xaa0 ./USB_HOST/App/usb_host.o
 .debug_line    0x00016f47      0xd78 ./USB_HOST/Target/usbh_conf.o
 .debug_line    0x00017cbf      0x7de ./USB_HOST/Target/usbh_platform.o

.debug_str      0x00000000    0xcb7ef
 .debug_str     0x00000000    0xc135e ./Core/Src/main.o
                              0xc168f (size before relaxing)
 .debug_str     0x000c135e      0x162 ./Core/Src/stm32f4xx_hal_msp.o
                              0xc1576 (size before relaxing)
 .debug_str     0x000c14c0      0x4b9 ./Core/Src/stm32f4xx_it.o
                              0xc0fc6 (size before relaxing)
 .debug_str     0x000c1979     0x2039 ./Core/Src/sysmem.o
                               0x60af (size before relaxing)
 .debug_str     0x000c39b2       0xdb ./Core/Src/system_stm32f4xx.o
                              0xc05b7 (size before relaxing)
 .debug_str     0x000c3a8d       0x44 ./Core/Startup/startup_stm32f407vgtx.o
                                 0x62 (size before relaxing)
 .debug_str     0x000c3ad1      0xad6 ./Drivers/STM32F4xx_HAL_Driver/Src/stm32f4xx_hal.o
                              0xc113b (size before relaxing)
 .debug_str     0x000c45a7      0x35a ./Drivers/STM32F4xx_HAL_Driver/Src/stm32f4xx_hal_cortex.o
                              0xc0e85 (size before relaxing)
 .debug_str     0x000c4901      0x110 ./Drivers/STM32F4xx_HAL_Driver/Src/stm32f4xx_hal_gpio.o
                              0xc0732 (size before relaxing)
 .debug_str     0x000c4a11      0x5e7 ./Drivers/STM32F4xx_HAL_Driver/Src/stm32f4xx_hal_hcd.o
                              0xc0e9f (size before relaxing)
 .debug_str     0x000c4ff8      0xb45 ./Drivers/STM32F4xx_HAL_Driver/Src/stm32f4xx_hal_i2c.o
                              0xc15d5 (size before relaxing)
 .debug_str     0x000c5b3d      0x2b8 ./Drivers/STM32F4xx_HAL_Driver/Src/stm32f4xx_hal_i2s.o
                              0xc0ba8 (size before relaxing)
 .debug_str     0x000c5df5      0x1d1 ./Drivers/STM32F4xx_HAL_Driver/Src/stm32f4xx_hal_i2s_ex.o
                              0xc0ab3 (size before relaxing)
 .debug_str     0x000c5fc6      0x213 ./Drivers/STM32F4xx_HAL_Driver/Src/stm32f4xx_hal_rcc.o
                              0xc09eb (size before relaxing)
 .debug_str     0x000c61d9       0xde ./Drivers/STM32F4xx_HAL_Driver/Src/stm32f4xx_hal_rcc_ex.o
                              0xc0709 (size before relaxing)
 .debug_str     0x000c62b7      0x52d ./Drivers/STM32F4xx_HAL_Driver/Src/stm32f4xx_hal_spi.o
                              0xc0e7b (size before relaxing)
 .debug_str     0x000c67e4      0x50e ./Drivers/STM32F4xx_HAL_Driver/Src/stm32f4xx_ll_usb.o
                              0xc0f70 (size before relaxing)
 .debug_str     0x000c6cf2     0x4363 ./Middlewares/ST/STM32_USB_Host_Library/Class/CDC/Src/usbh_cdc.o
                              0xc6a68 (size before relaxing)
 .debug_str     0x000cb055      0x31b ./Middlewares/ST/STM32_USB_Host_Library/Core/Src/usbh_core.o
                              0xc5f87 (size before relaxing)
 .debug_str     0x000cb370      0x1db ./Middlewares/ST/STM32_USB_Host_Library/Core/Src/usbh_ctlreq.o
                              0xc5f1d (size before relaxing)
 .debug_str     0x000cb54b       0xb2 ./Middlewares/ST/STM32_USB_Host_Library/Core/Src/usbh_ioreq.o
                              0xc5d22 (size before relaxing)
 .debug_str     0x000cb5fd       0x80 ./Middlewares/ST/STM32_USB_Host_Library/Core/Src/usbh_pipes.o
                              0xc5cb8 (size before relaxing)
 .debug_str     0x000cb67d       0xa2 ./USB_HOST/App/usb_host.o
                              0xc63c3 (size before relaxing)
 .debug_str     0x000cb71f       0xa8 ./USB_HOST/Target/usbh_conf.o
                              0xc6c26 (size before relaxing)
 .debug_str     0x000cb7c7       0x28 ./USB_HOST/Target/usbh_platform.o
                              0xc04c6 (size before relaxing)

.comment        0x00000000       0x43
 .comment       0x00000000       0x43 ./Core/Src/main.o
                                 0x44 (size before relaxing)
 .comment       0x00000043       0x44 ./Core/Src/stm32f4xx_hal_msp.o
 .comment       0x00000043       0x44 ./Core/Src/stm32f4xx_it.o
 .comment       0x00000043       0x44 ./Core/Src/sysmem.o
 .comment       0x00000043       0x44 ./Core/Src/system_stm32f4xx.o
 .comment       0x00000043       0x44 ./Drivers/STM32F4xx_HAL_Driver/Src/stm32f4xx_hal.o
 .comment       0x00000043       0x44 ./Drivers/STM32F4xx_HAL_Driver/Src/stm32f4xx_hal_cortex.o
 .comment       0x00000043       0x44 ./Drivers/STM32F4xx_HAL_Driver/Src/stm32f4xx_hal_gpio.o
 .comment       0x00000043       0x44 ./Drivers/STM32F4xx_HAL_Driver/Src/stm32f4xx_hal_hcd.o
 .comment       0x00000043       0x44 ./Drivers/STM32F4xx_HAL_Driver/Src/stm32f4xx_hal_i2c.o
 .comment       0x00000043       0x44 ./Drivers/STM32F4xx_HAL_Driver/Src/stm32f4xx_hal_i2s.o
 .comment       0x00000043       0x44 ./Drivers/STM32F4xx_HAL_Driver/Src/stm32f4xx_hal_i2s_ex.o
 .comment       0x00000043       0x44 ./Drivers/STM32F4xx_HAL_Driver/Src/stm32f4xx_hal_rcc.o
 .comment       0x00000043       0x44 ./Drivers/STM32F4xx_HAL_Driver/Src/stm32f4xx_hal_rcc_ex.o
 .comment       0x00000043       0x44 ./Drivers/STM32F4xx_HAL_Driver/Src/stm32f4xx_hal_spi.o
 .comment       0x00000043       0x44 ./Drivers/STM32F4xx_HAL_Driver/Src/stm32f4xx_ll_usb.o
 .comment       0x00000043       0x44 ./Middlewares/ST/STM32_USB_Host_Library/Class/CDC/Src/usbh_cdc.o
 .comment       0x00000043       0x44 ./Middlewares/ST/STM32_USB_Host_Library/Core/Src/usbh_core.o
 .comment       0x00000043       0x44 ./Middlewares/ST/STM32_USB_Host_Library/Core/Src/usbh_ctlreq.o
 .comment       0x00000043       0x44 ./Middlewares/ST/STM32_USB_Host_Library/Core/Src/usbh_ioreq.o
 .comment       0x00000043       0x44 ./Middlewares/ST/STM32_USB_Host_Library/Core/Src/usbh_pipes.o
 .comment       0x00000043       0x44 ./USB_HOST/App/usb_host.o
 .comment       0x00000043       0x44 ./USB_HOST/Target/usbh_conf.o
 .comment       0x00000043       0x44 ./USB_HOST/Target/usbh_platform.o

.debug_frame    0x00000000     0x4a74
 .debug_frame   0x00000000       0xe0 ./Core/Src/main.o
 .debug_frame   0x000000e0      0x10c ./Core/Src/stm32f4xx_hal_msp.o
 .debug_frame   0x000001ec      0x120 ./Core/Src/stm32f4xx_it.o
 .debug_frame   0x0000030c       0x34 ./Core/Src/sysmem.o
 .debug_frame   0x00000340       0x58 ./Core/Src/system_stm32f4xx.o
 .debug_frame   0x00000398      0x374 ./Drivers/STM32F4xx_HAL_Driver/Src/stm32f4xx_hal.o
 .debug_frame   0x0000070c      0x4b8 ./Drivers/STM32F4xx_HAL_Driver/Src/stm32f4xx_hal_cortex.o
 .debug_frame   0x00000bc4      0x14c ./Drivers/STM32F4xx_HAL_Driver/Src/stm32f4xx_hal_gpio.o
 .debug_frame   0x00000d10      0x498 ./Drivers/STM32F4xx_HAL_Driver/Src/stm32f4xx_hal_hcd.o
 .debug_frame   0x000011a8      0xc84 ./Drivers/STM32F4xx_HAL_Driver/Src/stm32f4xx_hal_i2c.o
 .debug_frame   0x00001e2c      0x484 ./Drivers/STM32F4xx_HAL_Driver/Src/stm32f4xx_hal_i2s.o
 .debug_frame   0x000022b0      0x220 ./Drivers/STM32F4xx_HAL_Driver/Src/stm32f4xx_hal_i2s_ex.o
 .debug_frame   0x000024d0      0x1f4 ./Drivers/STM32F4xx_HAL_Driver/Src/stm32f4xx_hal_rcc.o
 .debug_frame   0x000026c4       0xf0 ./Drivers/STM32F4xx_HAL_Driver/Src/stm32f4xx_hal_rcc_ex.o
 .debug_frame   0x000027b4      0x828 ./Drivers/STM32F4xx_HAL_Driver/Src/stm32f4xx_hal_spi.o
 .debug_frame   0x00002fdc      0x7c0 ./Drivers/STM32F4xx_HAL_Driver/Src/stm32f4xx_ll_usb.o
 .debug_frame   0x0000379c      0x2c0 ./Middlewares/ST/STM32_USB_Host_Library/Class/CDC/Src/usbh_cdc.o
 .debug_frame   0x00003a5c      0x334 ./Middlewares/ST/STM32_USB_Host_Library/Core/Src/usbh_core.o
 .debug_frame   0x00003d90      0x28c ./Middlewares/ST/STM32_USB_Host_Library/Core/Src/usbh_ctlreq.o
 .debug_frame   0x0000401c      0x154 ./Middlewares/ST/STM32_USB_Host_Library/Core/Src/usbh_ioreq.o
 .debug_frame   0x00004170       0xcc ./Middlewares/ST/STM32_USB_Host_Library/Core/Src/usbh_pipes.o
 .debug_frame   0x0000423c       0x70 ./USB_HOST/App/usb_host.o
 .debug_frame   0x000042ac      0x388 ./USB_HOST/Target/usbh_conf.o
 .debug_frame   0x00004634       0x34 ./USB_HOST/Target/usbh_platform.o
 .debug_frame   0x00004668       0x30 D:/ST/STM32CubeIDE_1.16.0/STM32CubeIDE/plugins/com.st.stm32cube.ide.mcu.externaltools.gnu-tools-for-stm32.12.3.rel1.win32_1.0.200.202406191623/tools/bin/../lib/gcc/arm-none-eabi/12.3.1/../../../../arm-none-eabi/lib/thumb/v7e-m+fp/hard\libc_nano.a(libc_a-malloc.o)